Component: ARM Compiler 5.06 update 4 (build 422) Tool: armlink [4d35d2]

==============================================================================

Section Cross References

    freertos.o(i.MX_FREERTOS_Init) refers to memcpya.o(.text) for __aeabi_memcpy4
    freertos.o(i.MX_FREERTOS_Init) refers to cmsis_os.o(i.osThreadCreate) for osThreadCreate
    freertos.o(i.MX_FREERTOS_Init) refers to freertos.o(.constdata) for .constdata
    freertos.o(i.MX_FREERTOS_Init) refers to freertos.o(.data) for .data
    freertos.o(i.StartDefaultTask) refers to stm32f1xx_hal_gpio.o(i.HAL_GPIO_TogglePin) for HAL_GPIO_TogglePin
    freertos.o(i.StartDefaultTask) refers to cmsis_os.o(i.osDelay) for osDelay
    freertos.o(i.StartTask02) refers to stm32f1xx_hal_gpio.o(i.HAL_GPIO_TogglePin) for HAL_GPIO_TogglePin
    freertos.o(i.StartTask02) refers to cmsis_os.o(i.osDelay) for osDelay
    freertos.o(i.StartTask03) refers to stm32f1xx_hal_gpio.o(i.HAL_GPIO_TogglePin) for HAL_GPIO_TogglePin
    freertos.o(i.StartTask03) refers to cmsis_os.o(i.osDelay) for osDelay
    freertos.o(i.StartTask04) refers to stm32f1xx_hal_gpio.o(i.HAL_GPIO_TogglePin) for HAL_GPIO_TogglePin
    freertos.o(i.StartTask04) refers to cmsis_os.o(i.osDelay) for osDelay
    freertos.o(i.StartTask05) refers to printfb.o(i.__0printf$bare) for __2printf
    freertos.o(i.StartTask05) refers to cmsis_os.o(i.osDelay) for osDelay
    freertos.o(.constdata) refers to freertos.o(.conststring) for .conststring
    freertos.o(.constdata) refers to freertos.o(i.StartDefaultTask) for StartDefaultTask
    freertos.o(.constdata) refers to freertos.o(i.StartTask02) for StartTask02
    freertos.o(.constdata) refers to freertos.o(i.StartTask03) for StartTask03
    freertos.o(.constdata) refers to freertos.o(i.StartTask04) for StartTask04
    freertos.o(.constdata) refers to freertos.o(i.StartTask05) for StartTask05
    stm32f1xx_hal_timebase_tim.o(i.HAL_InitTick) refers to stm32f1xx_hal_cortex.o(i.HAL_NVIC_SetPriority) for HAL_NVIC_SetPriority
    stm32f1xx_hal_timebase_tim.o(i.HAL_InitTick) refers to stm32f1xx_hal_cortex.o(i.HAL_NVIC_EnableIRQ) for HAL_NVIC_EnableIRQ
    stm32f1xx_hal_timebase_tim.o(i.HAL_InitTick) refers to stm32f1xx_hal_rcc.o(i.HAL_RCC_GetClockConfig) for HAL_RCC_GetClockConfig
    stm32f1xx_hal_timebase_tim.o(i.HAL_InitTick) refers to stm32f1xx_hal_rcc.o(i.HAL_RCC_GetPCLK1Freq) for HAL_RCC_GetPCLK1Freq
    stm32f1xx_hal_timebase_tim.o(i.HAL_InitTick) refers to stm32f1xx_hal_tim.o(i.HAL_TIM_Base_Init) for HAL_TIM_Base_Init
    stm32f1xx_hal_timebase_tim.o(i.HAL_InitTick) refers to stm32f1xx_hal_tim.o(i.HAL_TIM_Base_Start_IT) for HAL_TIM_Base_Start_IT
    stm32f1xx_hal_timebase_tim.o(i.HAL_InitTick) refers to stm32f1xx_hal_timebase_tim.o(.bss) for .bss
    stm32f1xx_hal_timebase_tim.o(i.HAL_ResumeTick) refers to stm32f1xx_hal_timebase_tim.o(.bss) for .bss
    stm32f1xx_hal_timebase_tim.o(i.HAL_SuspendTick) refers to stm32f1xx_hal_timebase_tim.o(.bss) for .bss
    usart.o(i.HAL_UART_MspDeInit) refers to stm32f1xx_hal_gpio.o(i.HAL_GPIO_DeInit) for HAL_GPIO_DeInit
    usart.o(i.HAL_UART_MspInit) refers to stm32f1xx_hal_gpio.o(i.HAL_GPIO_Init) for HAL_GPIO_Init
    usart.o(i.MX_USART2_UART_Init) refers to stm32f1xx_hal_uart.o(i.HAL_UART_Init) for HAL_UART_Init
    usart.o(i.MX_USART2_UART_Init) refers to main.o(i._Error_Handler) for _Error_Handler
    usart.o(i.MX_USART2_UART_Init) refers to usart.o(.bss) for .bss
    usart.o(i.fputc) refers to stm32f1xx_hal_uart.o(i.HAL_UART_Transmit) for HAL_UART_Transmit
    usart.o(i.fputc) refers to usart.o(.bss) for .bss
    stm32f1xx_it.o(i.SysTick_Handler) refers to cmsis_os.o(i.osSystickHandler) for osSystickHandler
    stm32f1xx_it.o(i.TIM6_IRQHandler) refers to stm32f1xx_hal_tim.o(i.HAL_TIM_IRQHandler) for HAL_TIM_IRQHandler
    stm32f1xx_it.o(i.TIM6_IRQHandler) refers to stm32f1xx_hal_timebase_tim.o(.bss) for htim6
    gpio.o(i.MX_GPIO_Init) refers to stm32f1xx_hal_gpio.o(i.HAL_GPIO_WritePin) for HAL_GPIO_WritePin
    gpio.o(i.MX_GPIO_Init) refers to stm32f1xx_hal_gpio.o(i.HAL_GPIO_Init) for HAL_GPIO_Init
    main.o(i.HAL_TIM_PeriodElapsedCallback) refers to stm32f1xx_hal.o(i.HAL_IncTick) for HAL_IncTick
    main.o(i.SystemClock_Config) refers to stm32f1xx_hal_rcc.o(i.HAL_RCC_OscConfig) for HAL_RCC_OscConfig
    main.o(i.SystemClock_Config) refers to stm32f1xx_hal_rcc.o(i.HAL_RCC_ClockConfig) for HAL_RCC_ClockConfig
    main.o(i.SystemClock_Config) refers to stm32f1xx_hal_rcc.o(i.HAL_RCC_GetHCLKFreq) for HAL_RCC_GetHCLKFreq
    main.o(i.SystemClock_Config) refers to stm32f1xx_hal_cortex.o(i.HAL_SYSTICK_Config) for HAL_SYSTICK_Config
    main.o(i.SystemClock_Config) refers to stm32f1xx_hal_cortex.o(i.HAL_SYSTICK_CLKSourceConfig) for HAL_SYSTICK_CLKSourceConfig
    main.o(i.SystemClock_Config) refers to stm32f1xx_hal_cortex.o(i.HAL_NVIC_SetPriority) for HAL_NVIC_SetPriority
    main.o(i.main) refers to stm32f1xx_hal.o(i.HAL_Init) for HAL_Init
[...]
    Removing stm32f1xx_hal_tim.o(i.HAL_TIM_GenerateEvent), (38 bytes).
    Removing stm32f1xx_hal_tim.o(i.HAL_TIM_IC_ConfigChannel), (286 bytes).
    Removing stm32f1xx_hal_tim.o(i.HAL_TIM_IC_DeInit), (56 bytes).
    Removing stm32f1xx_hal_tim.o(i.HAL_TIM_IC_GetState), (6 bytes).
    Removing stm32f1xx_hal_tim.o(i.HAL_TIM_IC_Init), (54 bytes).
    Removing stm32f1xx_hal_tim.o(i.HAL_TIM_IC_MspDeInit), (2 bytes).
    Removing stm32f1xx_hal_tim.o(i.HAL_TIM_IC_MspInit), (2 bytes).
    Removing stm32f1xx_hal_tim.o(i.HAL_TIM_IC_Start), (26 bytes).
    Removing stm32f1xx_hal_tim.o(i.HAL_TIM_IC_Start_DMA), (200 bytes).
    Removing stm32f1xx_hal_tim.o(i.HAL_TIM_IC_Start_IT), (76 bytes).
    Removing stm32f1xx_hal_tim.o(i.HAL_TIM_IC_Stop), (44 bytes).
    Removing stm32f1xx_hal_tim.o(i.HAL_TIM_IC_Stop_DMA), (100 bytes).
    Removing stm32f1xx_hal_tim.o(i.HAL_TIM_IC_Stop_IT), (94 bytes).
    Removing stm32f1xx_hal_tim.o(i.HAL_TIM_OC_ConfigChannel), (86 bytes).
    Removing stm32f1xx_hal_tim.o(i.HAL_TIM_OC_DeInit), (56 bytes).
    Removing stm32f1xx_hal_tim.o(i.HAL_TIM_OC_GetState), (6 bytes).
    Removing stm32f1xx_hal_tim.o(i.HAL_TIM_OC_Init), (54 bytes).
    Removing stm32f1xx_hal_tim.o(i.HAL_TIM_OC_MspDeInit), (2 bytes).
    Removing stm32f1xx_hal_tim.o(i.HAL_TIM_OC_MspInit), (2 bytes).
    Removing stm32f1xx_hal_tim.o(i.HAL_TIM_OC_Start), (56 bytes).
    Removing stm32f1xx_hal_tim.o(i.HAL_TIM_OC_Start_DMA), (240 bytes).
    Removing stm32f1xx_hal_tim.o(i.HAL_TIM_OC_Start_IT), (108 bytes).
    Removing stm32f1xx_hal_tim.o(i.HAL_TIM_OC_Stop), (88 bytes).
    Removing stm32f1xx_hal_tim.o(i.HAL_TIM_OC_Stop_DMA), (144 bytes).
    Removing stm32f1xx_hal_tim.o(i.HAL_TIM_OC_Stop_IT), (136 bytes).
    Removing stm32f1xx_hal_tim.o(i.HAL_TIM_OnePulse_ConfigChannel), (218 bytes).
    Removing stm32f1xx_hal_tim.o(i.HAL_TIM_OnePulse_DeInit), (56 bytes).
    Removing stm32f1xx_hal_tim.o(i.HAL_TIM_OnePulse_GetState), (6 bytes).
    Removing stm32f1xx_hal_tim.o(i.HAL_TIM_OnePulse_Init), (74 bytes).
    Removing stm32f1xx_hal_tim.o(i.HAL_TIM_OnePulse_MspDeInit), (2 bytes).
    Removing stm32f1xx_hal_tim.o(i.HAL_TIM_OnePulse_MspInit), (2 bytes).
    Removing stm32f1xx_hal_tim.o(i.HAL_TIM_OnePulse_Start), (60 bytes).
    Removing stm32f1xx_hal_tim.o(i.HAL_TIM_OnePulse_Start_IT), (80 bytes).
    Removing stm32f1xx_hal_tim.o(i.HAL_TIM_OnePulse_Stop), (100 bytes).
    Removing stm32f1xx_hal_tim.o(i.HAL_TIM_OnePulse_Stop_IT), (120 bytes).
    Removing stm32f1xx_hal_tim.o(i.HAL_TIM_PWM_ConfigChannel), (208 bytes).
    Removing stm32f1xx_hal_tim.o(i.HAL_TIM_PWM_DeInit), (56 bytes).
    Removing stm32f1xx_hal_tim.o(i.HAL_TIM_PWM_GetState), (6 bytes).
    Removing stm32f1xx_hal_tim.o(i.HAL_TIM_PWM_Init), (54 bytes).
    Removing stm32f1xx_hal_tim.o(i.HAL_TIM_PWM_MspDeInit), (2 bytes).
    Removing stm32f1xx_hal_tim.o(i.HAL_TIM_PWM_MspInit), (2 bytes).
    Removing stm32f1xx_hal_tim.o(i.HAL_TIM_PWM_Start), (56 bytes).
    Removing stm32f1xx_hal_tim.o(i.HAL_TIM_PWM_Start_DMA), (240 bytes).
    Removing stm32f1xx_hal_tim.o(i.HAL_TIM_PWM_Start_IT), (108 bytes).
    Removing stm32f1xx_hal_tim.o(i.HAL_TIM_PWM_Stop), (92 bytes).
    Removing stm32f1xx_hal_tim.o(i.HAL_TIM_PWM_Stop_DMA), (144 bytes).
    Removing stm32f1xx_hal_tim.o(i.HAL_TIM_PWM_Stop_IT), (136 bytes).
    Removing stm32f1xx_hal_tim.o(i.HAL_TIM_PeriodElapsedCallback), (2 bytes).
    Removing stm32f1xx_hal_tim.o(i.HAL_TIM_ReadCapturedValue), (68 bytes).
    Removing stm32f1xx_hal_tim.o(i.HAL_TIM_SlaveConfigSynchronization), (66 bytes).
    Removing stm32f1xx_hal_tim.o(i.HAL_TIM_SlaveConfigSynchronization_IT), (66 bytes).
    Removing stm32f1xx_hal_tim.o(i.TIM_CCxChannelCmd), (22 bytes).
    Removing stm32f1xx_hal_tim.o(i.TIM_DMACaptureCplt), (62 bytes).
    Removing stm32f1xx_hal_tim.o(i.TIM_DMADelayPulseCplt), (62 bytes).
    Removing stm32f1xx_hal_tim.o(i.TIM_DMAError), (16 bytes).
    Removing stm32f1xx_hal_tim.o(i.TIM_DMAPeriodElapsedCplt), (16 bytes).
    Removing stm32f1xx_hal_tim.o(i.TIM_DMATriggerCplt), (16 bytes).
    Removing stm32f1xx_hal_tim.o(i.TIM_ETR_SetConfig), (20 bytes).
    Removing stm32f1xx_hal_tim.o(i.TIM_ITRx_SetConfig), (16 bytes).
    Removing stm32f1xx_hal_tim.o(i.TIM_OC1_SetConfig), (96 bytes).
    Removing stm32f1xx_hal_tim.o(i.TIM_OC2_SetConfig), (108 bytes).
    Removing stm32f1xx_hal_tim.o(i.TIM_OC3_SetConfig), (104 bytes).
    Removing stm32f1xx_hal_tim.o(i.TIM_OC4_SetConfig), (80 bytes).
    Removing stm32f1xx_hal_tim.o(i.TIM_SlaveTimer_SetConfig), (124 bytes).
    Removing stm32f1xx_hal_tim.o(i.TIM_TI1_ConfigInputStage), (34 bytes).
    Removing stm32f1xx_hal_tim.o(i.TIM_TI1_SetConfig), (108 bytes).
    Removing stm32f1xx_hal_tim.o(i.TIM_TI2_ConfigInputStage), (36 bytes).
    Removing stm32f1xx_hal_tim.o(i.TIM_TI2_SetConfig), (54 bytes).
    Removing stm32f1xx_hal_rcc_ex.o(.rev16_text), (4 bytes).
    Removing stm32f1xx_hal_rcc_ex.o(.revsh_text), (4 bytes).
    Removing stm32f1xx_hal_rcc_ex.o(.rrx_text), (6 bytes).
    Removing stm32f1xx_hal_rcc_ex.o(i.HAL_RCCEx_GetPeriphCLKConfig), (52 bytes).
    Removing stm32f1xx_hal_rcc_ex.o(i.HAL_RCCEx_GetPeriphCLKFreq), (256 bytes).
    Removing stm32f1xx_hal_rcc_ex.o(i.HAL_RCCEx_PeriphCLKConfig), (300 bytes).
    Removing stm32f1xx_hal_gpio_ex.o(.rev16_text), (4 bytes).
    Removing stm32f1xx_hal_gpio_ex.o(.revsh_text), (4 bytes).
    Removing stm32f1xx_hal_gpio_ex.o(.rrx_text), (6 bytes).
    Removing stm32f1xx_hal_gpio_ex.o(i.HAL_GPIOEx_ConfigEventout), (20 bytes).
    Removing stm32f1xx_hal_gpio_ex.o(i.HAL_GPIOEx_DisableEventout), (16 bytes).
    Removing stm32f1xx_hal_gpio_ex.o(i.HAL_GPIOEx_EnableEventout), (16 bytes).
    Removing trcsnapshotrecorder.o(.rev16_text), (4 bytes).
    Removing trcsnapshotrecorder.o(.revsh_text), (4 bytes).
    Removing trcsnapshotrecorder.o(.rrx_text), (6 bytes).
    Removing trcsnapshotrecorder.o(i.prvMarkObjectAsUsed), (32 bytes).
    Removing trcsnapshotrecorder.o(i.prvTraceCreateSymbolTableEntry), (320 bytes).
    Removing trcsnapshotrecorder.o(i.prvTraceFreeObjectHandle), (136 bytes).
    Removing trcsnapshotrecorder.o(i.prvTraceGetChecksum), (208 bytes).
    Removing trcsnapshotrecorder.o(i.prvTraceGetPriorityProperty), (136 bytes).
    Removing trcsnapshotrecorder.o(i.prvTraceLookupSymbolTableEntry), (240 bytes).
    Removing trcsnapshotrecorder.o(i.prvTraceOpenSymbol), (164 bytes).
    Removing trcsnapshotrecorder.o(i.prvTraceSetReadyEventsEnabled), (12 bytes).
    Removing trcsnapshotrecorder.o(i.prvTraceStoreKernelCallWithParam), (320 bytes).
    Removing trcsnapshotrecorder.o(i.prvTraceStoreLowPower), (208 bytes).
    Removing trcsnapshotrecorder.o(i.prvTraceStoreObjectNameOnCloseEvent), (104 bytes).
    Removing trcsnapshotrecorder.o(i.prvTraceStoreObjectPropertiesOnCloseEvent), (128 bytes).
    Removing trcsnapshotrecorder.o(i.prvTraceTaskInstanceFinish), (92 bytes).
    Removing trcsnapshotrecorder.o(i.prvTraceUserEventFormat), (428 bytes).
    Removing trcsnapshotrecorder.o(i.uiTraceGetTraceBufferSize), (6 bytes).
    Removing trcsnapshotrecorder.o(i.vTraceClear), (72 bytes).
    Removing trcsnapshotrecorder.o(i.vTraceClearError), (24 bytes).
    Removing trcsnapshotrecorder.o(i.vTraceInstanceFinishedNext), (6 bytes).
    Removing trcsnapshotrecorder.o(i.vTraceInstanceFinishedNow), (6 bytes).
    Removing trcsnapshotrecorder.o(i.vTracePrint), (100 bytes).
    Removing trcsnapshotrecorder.o(i.vTracePrintF), (18 bytes).
    Removing trcsnapshotrecorder.o(i.vTracePrintF_Helper), (300 bytes).
    Removing trcsnapshotrecorder.o(i.vTraceSetFrequency), (12 bytes).
    Removing trcsnapshotrecorder.o(i.vTraceSetStopHook), (12 bytes).
    Removing trcsnapshotrecorder.o(i.vTraceStart), (4 bytes).
    Removing trcsnapshotrecorder.o(i.vTraceStoreISRBegin), (288 bytes).
    Removing trcsnapshotrecorder.o(i.vTraceStoreISREnd), (208 bytes).
    Removing trcsnapshotrecorder.o(i.writeInt16), (96 bytes).
    Removing trcsnapshotrecorder.o(i.writeInt32), (96 bytes).
    Removing trcsnapshotrecorder.o(i.writeInt8), (76 bytes).
    Removing trcsnapshotrecorder.o(i.xTraceGetLastError), (12 bytes).
    Removing trcsnapshotrecorder.o(i.xTraceGetTraceBuffer), (12 bytes).
    Removing trcsnapshotrecorder.o(i.xTraceRegisterString), (76 bytes).
    Removing trcsnapshotrecorder.o(i.xTraceSetISRProperties), (184 bytes).
    Removing trckernelport.o(.rev16_text), (4 bytes).
    Removing trckernelport.o(.revsh_text), (4 bytes).
    Removing trckernelport.o(.rrx_text), (6 bytes).
    Removing trckernelport.o(i.prvTraceGetObjectNumber), (10 bytes).
    Removing trckernelport.o(i.prvTraceGetObjectType), (4 bytes).
    Removing trckernelport.o(i.prvTraceIsSchedulerSuspended), (16 bytes).
    Removing trckernelport.o(i.vTraceSetMutexName), (40 bytes).
    Removing trckernelport.o(i.vTraceSetQueueName), (40 bytes).
    Removing trckernelport.o(i.vTraceSetSemaphoreName), (40 bytes).
    Removing trckernelport.o(.data), (4 bytes).
    Removing trckernelport.o(.data), (5 bytes).
    Removing trcstreamingrecorder.o(.rev16_text), (4 bytes).
    Removing trcstreamingrecorder.o(.revsh_text), (4 bytes).
    Removing trcstreamingrecorder.o(.rrx_text), (6 bytes).
    Removing dfixui.o(.text), (50 bytes).
    Removing dadd.o(.text), (334 bytes).
    Removing dmul.o(.text), (228 bytes).
    Removing ddiv.o(.text), (222 bytes).
    Removing dfixul.o(.text), (48 bytes).
    Removing cdrcmple.o(.text), (48 bytes).
    Removing depilogue.o(.text), (186 bytes).

532 unused section(s) (total 35929 bytes) removed from the image.

==============================================================================

Image Symbol Table

    Local Symbols

    Symbol Name                              Value     Ov Type        Size  Object(Section)

    ../Drivers/STM32F1xx_HAL_Driver/Src/stm32f1xx_hal.c 0x00000000   Number         0  stm32f1xx_hal.o ABSOLUTE
    ../Drivers/STM32F1xx_HAL_Driver/Src/stm32f1xx_hal_cortex.c 0x00000000   Number         0  stm32f1xx_hal_cortex.o ABSOLUTE
    ../Drivers/STM32F1xx_HAL_Driver/Src/stm32f1xx_hal_dma.c 0x00000000   Number         0  stm32f1xx_hal_dma.o ABSOLUTE
    ../Drivers/STM32F1xx_HAL_Driver/Src/stm32f1xx_hal_flash.c 0x00000000   Number         0  stm32f1xx_hal_flash.o ABSOLUTE
    ../Drivers/STM32F1xx_HAL_Driver/Src/stm32f1xx_hal_flash_ex.c 0x00000000   Number         0  stm32f1xx_hal_flash_ex.o ABSOLUTE
    ../Drivers/STM32F1xx_HAL_Driver/Src/stm32f1xx_hal_gpio.c 0x00000000   Number         0  stm32f1xx_hal_gpio.o ABSOLUTE
    ../Drivers/STM32F1xx_HAL_Driver/Src/stm32f1xx_hal_gpio_ex.c 0x00000000   Number         0  stm32f1xx_hal_gpio_ex.o ABSOLUTE
    ../Drivers/STM32F1xx_HAL_Driver/Src/stm32f1xx_hal_pwr.c 0x00000000   Number         0  stm32f1xx_hal_pwr.o ABSOLUTE
    ../Drivers/STM32F1xx_HAL_Driver/Src/stm32f1xx_hal_rcc.c 0x00000000   Number         0  stm32f1xx_hal_rcc.o ABSOLUTE
    ../Drivers/STM32F1xx_HAL_Driver/Src/stm32f1xx_hal_rcc_ex.c 0x00000000   Number         0  stm32f1xx_hal_rcc_ex.o ABSOLUTE
    ../Drivers/STM32F1xx_HAL_Driver/Src/stm32f1xx_hal_tim.c 0x00000000   Number         0  stm32f1xx_hal_tim.o ABSOLUTE
    ../Drivers/STM32F1xx_HAL_Driver/Src/stm32f1xx_hal_tim_ex.c 0x00000000   Number         0  stm32f1xx_hal_tim_ex.o ABSOLUTE
    ../Drivers/STM32F1xx_HAL_Driver/Src/stm32f1xx_hal_uart.c 0x00000000   Number         0  stm32f1xx_hal_uart.o ABSOLUTE
    ../Middlewares/Third_Party/FreeRTOS/Source/CMSIS_RTOS/cmsis_os.c 0x00000000   Number         0  cmsis_os.o ABSOLUTE
    ../Middlewares/Third_Party/FreeRTOS/Source/croutine.c 0x00000000   Number         0  croutine.o ABSOLUTE
    ../Middlewares/Third_Party/FreeRTOS/Source/event_groups.c 0x00000000   Number         0  event_groups.o ABSOLUTE
    ../Middlewares/Third_Party/FreeRTOS/Source/list.c 0x00000000   Number         0  list.o ABSOLUTE
    ../Middlewares/Third_Party/FreeRTOS/Source/portable/MemMang/heap_4.c 0x00000000   Number         0  heap_4.o ABSOLUTE
    ../Middlewares/Third_Party/FreeRTOS/Source/portable/RVDS/ARM_CM3/port.c 0x00000000   Number         0  port.o ABSOLUTE
    ../Middlewares/Third_Party/FreeRTOS/Source/queue.c 0x00000000   Number         0  queue.o ABSOLUTE
    ../Middlewares/Third_Party/FreeRTOS/Source/tasks.c 0x00000000   Number         0  tasks.o ABSOLUTE
    ../Middlewares/Third_Party/FreeRTOS/Source/timers.c 0x00000000   Number         0  timers.o ABSOLUTE
    ../Src/freertos.c                        0x00000000   Number         0  freertos.o ABSOLUTE
    ../Src/gpio.c                            0x00000000   Number         0  gpio.o ABSOLUTE
    ../Src/main.c                            0x00000000   Number         0  main.o ABSOLUTE
    ../Src/stm32f1xx_hal_msp.c               0x00000000   Number         0  stm32f1xx_hal_msp.o ABSOLUTE
    ../Src/stm32f1xx_hal_timebase_TIM.c      0x00000000   Number         0  stm32f1xx_hal_timebase_tim.o ABSOLUTE
    ../Src/stm32f1xx_it.c                    0x00000000   Number         0  stm32f1xx_it.o ABSOLUTE
    ../Src/system_stm32f1xx.c                0x00000000   Number         0  system_stm32f1xx.o ABSOLUTE
    ../Src/usart.c                           0x00000000   Number         0  usart.o ABSOLUTE
    ../clib/microlib/division.c              0x00000000   Number         0  uldiv.o ABSOLUTE
    ../clib/microlib/division.c              0x00000000   Number         0  uidiv.o ABSOLUTE
    ../clib/microlib/init/entry.s            0x00000000   Number         0  entry10b.o ABSOLUTE
    ../clib/microlib/init/entry.s            0x00000000   Number         0  entry9a.o ABSOLUTE
    ../clib/microlib/init/entry.s            0x00000000   Number         0  entry11a.o ABSOLUTE
    ../clib/microlib/init/entry.s            0x00000000   Number         0  entry11b.o ABSOLUTE
    ../clib/microlib/init/entry.s            0x00000000   Number         0  entry.o ABSOLUTE
    ../clib/microlib/init/entry.s            0x00000000   Number         0  entry9b.o ABSOLUTE
    ../clib/microlib/init/entry.s            0x00000000   Number         0  entry2.o ABSOLUTE
    ../clib/microlib/init/entry.s            0x00000000   Number         0  entry5.o ABSOLUTE
    ../clib/microlib/init/entry.s            0x00000000   Number         0  entry7a.o ABSOLUTE
    ../clib/microlib/init/entry.s            0x00000000   Number         0  entry10a.o ABSOLUTE
    ../clib/microlib/init/entry.s            0x00000000   Number         0  entry7b.o ABSOLUTE
    ../clib/microlib/init/entry.s            0x00000000   Number         0  entry8a.o ABSOLUTE
    ../clib/microlib/init/entry.s            0x00000000   Number         0  entry8b.o ABSOLUTE
    ../clib/microlib/longlong.c              0x00000000   Number         0  llushr.o ABSOLUTE
    ../clib/microlib/longlong.c              0x00000000   Number         0  llsshr.o ABSOLUTE
    ../clib/microlib/longlong.c              0x00000000   Number         0  llshl.o ABSOLUTE
    ../clib/microlib/printf/printf.c         0x00000000   Number         0  printf7.o ABSOLUTE
    ../clib/microlib/printf/printf.c         0x00000000   Number         0  printfa.o ABSOLUTE
    ../clib/microlib/printf/printf.c         0x00000000   Number         0  printf1.o ABSOLUTE
    ../clib/microlib/printf/printf.c         0x00000000   Number         0  printfb.o ABSOLUTE
    ../clib/microlib/printf/printf.c         0x00000000   Number         0  printf8.o ABSOLUTE
    ../clib/microlib/printf/printf.c         0x00000000   Number         0  printf3.o ABSOLUTE
    ../clib/microlib/printf/printf.c         0x00000000   Number         0  printf4.o ABSOLUTE
    ../clib/microlib/printf/printf.c         0x00000000   Number         0  printf2.o ABSOLUTE
    ../clib/microlib/printf/printf.c         0x00000000   Number         0  printf5.o ABSOLUTE
    ../clib/microlib/printf/printf.c         0x00000000   Number         0  printf6.o ABSOLUTE
    ../clib/microlib/printf/printf.c         0x00000000   Number         0  printf0.o ABSOLUTE
    ../clib/microlib/stdio/streams.c         0x00000000   Number         0  stdout.o ABSOLUTE
    ../clib/microlib/string/memcpy.c         0x00000000   Number         0  memcpyb.o ABSOLUTE
    ../clib/microlib/string/memcpy.c         0x00000000   Number         0  memcpya.o ABSOLUTE
    ../clib/microlib/string/memset.c         0x00000000   Number         0  memseta.o ABSOLUTE
    ../clib/microlib/string/strncmp.c        0x00000000   Number         0  strncmp.o ABSOLUTE
    ../clib/microlib/stubs.s                 0x00000000   Number         0  iusefp.o ABSOLUTE
    ../fplib/microlib/fpadd.c                0x00000000   Number         0  dadd.o ABSOLUTE
    ../fplib/microlib/fpdiv.c                0x00000000   Number         0  ddiv.o ABSOLUTE
    ../fplib/microlib/fpepilogue.c           0x00000000   Number         0  depilogue.o ABSOLUTE
    ../fplib/microlib/fpfix.c                0x00000000   Number         0  dfixui.o ABSOLUTE
    ../fplib/microlib/fpfix.c                0x00000000   Number         0  dfixul.o ABSOLUTE
    ../fplib/microlib/fpmul.c                0x00000000   Number         0  dmul.o ABSOLUTE
    ..\Drivers\STM32F1xx_HAL_Driver\Src\stm32f1xx_hal.c 0x00000000   Number         0  stm32f1xx_hal.o ABSOLUTE
    ..\Drivers\STM32F1xx_HAL_Driver\Src\stm32f1xx_hal_cortex.c 0x00000000   Number         0  stm32f1xx_hal_cortex.o ABSOLUTE
    ..\Drivers\STM32F1xx_HAL_Driver\Src\stm32f1xx_hal_dma.c 0x00000000   Number         0  stm32f1xx_hal_dma.o ABSOLUTE
    ..\Drivers\STM32F1xx_HAL_Driver\Src\stm32f1xx_hal_flash.c 0x00000000   Number         0  stm32f1xx_hal_flash.o ABSOLUTE
    ..\Drivers\STM32F1xx_HAL_Driver\Src\stm32f1xx_hal_flash_ex.c 0x00000000   Number         0  stm32f1xx_hal_flash_ex.o ABSOLUTE
    ..\Drivers\STM32F1xx_HAL_Driver\Src\stm32f1xx_hal_gpio.c 0x00000000   Number         0  stm32f1xx_hal_gpio.o ABSOLUTE
    ..\Drivers\STM32F1xx_HAL_Driver\Src\stm32f1xx_hal_gpio_ex.c 0x00000000   Number         0  stm32f1xx_hal_gpio_ex.o ABSOLUTE
    ..\Drivers\STM32F1xx_HAL_Driver\Src\stm32f1xx_hal_pwr.c 0x00000000   Number         0  stm32f1xx_hal_pwr.o ABSOLUTE
    ..\Drivers\STM32F1xx_HAL_Driver\Src\stm32f1xx_hal_rcc.c 0x00000000   Number         0  stm32f1xx_hal_rcc.o ABSOLUTE
    ..\Drivers\STM32F1xx_HAL_Driver\Src\stm32f1xx_hal_rcc_ex.c 0x00000000   Number         0  stm32f1xx_hal_rcc_ex.o ABSOLUTE
    ..\Drivers\STM32F1xx_HAL_Driver\Src\stm32f1xx_hal_tim.c 0x00000000   Number         0  stm32f1xx_hal_tim.o ABSOLUTE
    ..\Drivers\STM32F1xx_HAL_Driver\Src\stm32f1xx_hal_tim_ex.c 0x00000000   Number         0  stm32f1xx_hal_tim_ex.o ABSOLUTE
    ..\Drivers\STM32F1xx_HAL_Driver\Src\stm32f1xx_hal_uart.c 0x00000000   Number         0  stm32f1xx_hal_uart.o ABSOLUTE
    ..\Middlewares\Third_Party\FreeRTOS\Source\CMSIS_RTOS\cmsis_os.c 0x00000000   Number         0  cmsis_os.o ABSOLUTE
    ..\Middlewares\Third_Party\FreeRTOS\Source\croutine.c 0x00000000   Number         0  croutine.o ABSOLUTE
    ..\Middlewares\Third_Party\FreeRTOS\Source\event_groups.c 0x00000000   Number         0  event_groups.o ABSOLUTE
    ..\Middlewares\Third_Party\FreeRTOS\Source\list.c 0x00000000   Number         0  list.o ABSOLUTE
    ..\Middlewares\Third_Party\FreeRTOS\Source\portable\MemMang\heap_4.c 0x00000000   Number         0  heap_4.o ABSOLUTE
    ..\Middlewares\Third_Party\FreeRTOS\Source\portable\RVDS\ARM_CM3\port.c 0x00000000   Number         0  port.o ABSOLUTE
    ..\Middlewares\Third_Party\FreeRTOS\Source\queue.c 0x00000000   Number         0  queue.o ABSOLUTE
    ..\Middlewares\Third_Party\FreeRTOS\Source\tasks.c 0x00000000   Number         0  tasks.o ABSOLUTE
    ..\Middlewares\Third_Party\FreeRTOS\Source\timers.c 0x00000000   Number         0  timers.o ABSOLUTE
    ..\Middlewares\Third_Party\Tracelyzer\trcKernelPort.c 0x00000000   Number         0  trckernelport.o ABSOLUTE
    ..\Middlewares\Third_Party\Tracelyzer\trcSnapshotRecorder.c 0x00000000   Number         0  trcsnapshotrecorder.o ABSOLUTE
    ..\Middlewares\Third_Party\Tracelyzer\trcStreamingRecorder.c 0x00000000   Number         0  trcstreamingrecorder.o ABSOLUTE
    ..\Src\freertos.c                        0x00000000   Number         0  freertos.o ABSOLUTE
    ..\Src\gpio.c                            0x00000000   Number         0  gpio.o ABSOLUTE
    ..\Src\main.c                            0x00000000   Number         0  main.o ABSOLUTE
    ..\Src\stm32f1xx_hal_msp.c               0x00000000   Number         0  stm32f1xx_hal_msp.o ABSOLUTE
    ..\Src\stm32f1xx_hal_timebase_TIM.c      0x00000000   Number         0  stm32f1xx_hal_timebase_tim.o ABSOLUTE
    ..\Src\stm32f1xx_it.c                    0x00000000   Number         0  stm32f1xx_it.o ABSOLUTE
    ..\Src\system_stm32f1xx.c                0x00000000   Number         0  system_stm32f1xx.o ABSOLUTE
    ..\Src\usart.c                           0x00000000   Number         0  usart.o ABSOLUTE
    ..\\Middlewares\\Third_Party\\Tracelyzer\\trcKernelPort.c 0x00000000   Number         0  trckernelport.o ABSOLUTE
    ..\\Middlewares\\Third_Party\\Tracelyzer\\trcSnapshotRecorder.c 0x00000000   Number         0  trcsnapshotrecorder.o ABSOLUTE
    ..\\Middlewares\\Third_Party\\Tracelyzer\\trcStreamingRecorder.c 0x00000000   Number         0  trcstreamingrecorder.o ABSOLUTE
    cdrcmple.s                               0x00000000   Number         0  cdrcmple.o ABSOLUTE
    dc.s                                     0x00000000   Number         0  dc.o ABSOLUTE
    handlers.s                               0x00000000   Number         0  handlers.o ABSOLUTE
    init.s                                   0x00000000   Number         0  init.o ABSOLUTE
    startup_stm32f103xe.s                    0x00000000   Number         0  startup_stm32f103xe.o ABSOLUTE
    RESET                                    0x08000000   Section      304  startup_stm32f103xe.o(RESET)
    .ARM.Collect$$$$00000000                 0x08000130   Section        0  entry.o(.ARM.Collect$$$$00000000)
    .ARM.Collect$$$$00000001                 0x08000130   Section        4  entry2.o(.ARM.Collect$$$$00000001)
    .ARM.Collect$$$$00000004                 0x08000134   Section        4  entry5.o(.ARM.Collect$$$$00000004)
    .ARM.Collect$$$$00000008                 0x08000138   Section        0  entry7b.o(.ARM.Collect$$$$00000008)
    .ARM.Collect$$$$0000000A                 0x08000138   Section        0  entry8b.o(.ARM.Collect$$$$0000000A)
    .ARM.Collect$$$$0000000B                 0x08000138   Section        8  entry9a.o(.ARM.Collect$$$$0000000B)
    .ARM.Collect$$$$0000000D                 0x08000140   Section        0  entry10a.o(.ARM.Collect$$$$0000000D)
    .ARM.Collect$$$$0000000F                 0x08000140   Section        0  entry11a.o(.ARM.Collect$$$$0000000F)
    .ARM.Collect$$$$00002712                 0x08000140   Section        4  entry2.o(.ARM.Collect$$$$00002712)
    __lit__00000000                          0x08000140   Data           4  entry2.o(.ARM.Collect$$$$00002712)
    .emb_text                                0x08000144   Section      162  port.o(.emb_text)
    .text                                    0x080001e8   Section       36  startup_stm32f103xe.o(.text)
    .text                                    0x0800020c   Section        0  memcpya.o(.text)
    .text                                    0x08000230   Section        0  memseta.o(.text)
    .text                                    0x08000254   Section       36  init.o(.text)
    i.BusFault_Handler                       0x08000278   Section        0  stm32f1xx_it.o(i.BusFault_Handler)
    i.DebugMon_Handler                       0x0800027a   Section        0  stm32f1xx_it.o(i.DebugMon_Handler)
    i.HAL_Delay                              0x0800027c   Section        0  stm32f1xx_hal.o(i.HAL_Delay)
    i.HAL_GPIO_Init                          0x08000294   Section        0  stm32f1xx_hal_gpio.o(i.HAL_GPIO_Init)
    i.HAL_GPIO_TogglePin                     0x0800047c   Section        0  stm32f1xx_hal_gpio.o(i.HAL_GPIO_TogglePin)
    i.HAL_GPIO_WritePin                      0x08000484   Section        0  stm32f1xx_hal_gpio.o(i.HAL_GPIO_WritePin)
    i.HAL_GetTick                            0x08000490   Section        0  stm32f1xx_hal.o(i.HAL_GetTick)
    i.HAL_IncTick                            0x0800049c   Section        0  stm32f1xx_hal.o(i.HAL_IncTick)
    i.HAL_Init                               0x080004ac   Section        0  stm32f1xx_hal.o(i.HAL_Init)
    i.HAL_InitTick                           0x080004d0   Section        0  stm32f1xx_hal_timebase_tim.o(i.HAL_InitTick)
    i.HAL_MspInit                            0x08000544   Section        0  stm32f1xx_hal_msp.o(i.HAL_MspInit)
    i.HAL_NVIC_EnableIRQ                     0x080005c4   Section        0  stm32f1xx_hal_cortex.o(i.HAL_NVIC_EnableIRQ)
    i.HAL_NVIC_SetPriority                   0x080005dc   Section        0  stm32f1xx_hal_cortex.o(i.HAL_NVIC_SetPriority)
    i.HAL_NVIC_SetPriorityGrouping           0x0800061c   Section        0  stm32f1xx_hal_cortex.o(i.HAL_NVIC_SetPriorityGrouping)
    i.HAL_RCC_ClockConfig                    0x08000640   Section        0  stm32f1xx_hal_rcc.o(i.HAL_RCC_ClockConfig)
    i.HAL_RCC_GetClockConfig                 0x080007c8   Section        0  stm32f1xx_hal_rcc.o(i.HAL_RCC_GetClockConfig)
    i.HAL_RCC_GetHCLKFreq                    0x08000808   Section        0  stm32f1xx_hal_rcc.o(i.HAL_RCC_GetHCLKFreq)
    i.HAL_RCC_GetPCLK1Freq                   0x08000814   Section        0  stm32f1xx_hal_rcc.o(i.HAL_RCC_GetPCLK1Freq)
    i.HAL_RCC_GetPCLK2Freq                   0x08000844   Section        0  stm32f1xx_hal_rcc.o(i.HAL_RCC_GetPCLK2Freq)
    i.HAL_RCC_GetSysClockFreq                0x08000874   Section        0  stm32f1xx_hal_rcc.o(i.HAL_RCC_GetSysClockFreq)
    i.HAL_RCC_OscConfig                      0x080008fc   Section        0  stm32f1xx_hal_rcc.o(i.HAL_RCC_OscConfig)
    i.HAL_SYSTICK_CLKSourceConfig            0x08000e7a   Section        0  stm32f1xx_hal_cortex.o(i.HAL_SYSTICK_CLKSourceConfig)
    i.HAL_SYSTICK_Config                     0x08000e92   Section        0  stm32f1xx_hal_cortex.o(i.HAL_SYSTICK_Config)
    i.HAL_TIMEx_BreakCallback                0x08000eba   Section        0  stm32f1xx_hal_tim_ex.o(i.HAL_TIMEx_BreakCallback)
    i.HAL_TIMEx_CommutationCallback          0x08000ebc   Section        0  stm32f1xx_hal_tim_ex.o(i.HAL_TIMEx_CommutationCallback)
    i.HAL_TIM_Base_Init                      0x08000ebe   Section        0  stm32f1xx_hal_tim.o(i.HAL_TIM_Base_Init)
    i.HAL_TIM_Base_MspInit                   0x08000ef4   Section        0  stm32f1xx_hal_tim.o(i.HAL_TIM_Base_MspInit)
    i.HAL_TIM_Base_Start_IT                  0x08000ef6   Section        0  stm32f1xx_hal_tim.o(i.HAL_TIM_Base_Start_IT)
    i.HAL_TIM_IC_CaptureCallback             0x08000f0e   Section        0  stm32f1xx_hal_tim.o(i.HAL_TIM_IC_CaptureCallback)
    i.HAL_TIM_IRQHandler                     0x08000f10   Section        0  stm32f1xx_hal_tim.o(i.HAL_TIM_IRQHandler)
    i.HAL_TIM_OC_DelayElapsedCallback        0x08001076   Section        0  stm32f1xx_hal_tim.o(i.HAL_TIM_OC_DelayElapsedCallback)
    i.HAL_TIM_PWM_PulseFinishedCallback      0x08001078   Section        0  stm32f1xx_hal_tim.o(i.HAL_TIM_PWM_PulseFinishedCallback)
    i.HAL_TIM_PeriodElapsedCallback          0x0800107c   Section        0  main.o(i.HAL_TIM_PeriodElapsedCallback)
    i.HAL_TIM_TriggerCallback                0x08001090   Section        0  stm32f1xx_hal_tim.o(i.HAL_TIM_TriggerCallback)
    i.HAL_UART_Init                          0x08001092   Section        0  stm32f1xx_hal_uart.o(i.HAL_UART_Init)
    i.HAL_UART_MspInit                       0x080010f0   Section        0  usart.o(i.HAL_UART_MspInit)
    i.HAL_UART_Transmit                      0x08001148   Section        0  stm32f1xx_hal_uart.o(i.HAL_UART_Transmit)
    i.HardFault_Handler                      0x08001214   Section        0  stm32f1xx_it.o(i.HardFault_Handler)
    i.MX_FREERTOS_Init                       0x08001218   Section        0  freertos.o(i.MX_FREERTOS_Init)
    i.MX_GPIO_Init                           0x08001298   Section        0  gpio.o(i.MX_GPIO_Init)
    i.MX_USART2_UART_Init                    0x080012fc   Section        0  usart.o(i.MX_USART2_UART_Init)
    i.MemManage_Handler                      0x08001348   Section        0  stm32f1xx_it.o(i.MemManage_Handler)
    i.NMI_Handler                            0x0800134a   Section        0  stm32f1xx_it.o(i.NMI_Handler)
    i.NVIC_SetPriority                       0x0800134c   Section        0  stm32f1xx_hal_cortex.o(i.NVIC_SetPriority)
    NVIC_SetPriority                         0x0800134d   Thumb Code    32  stm32f1xx_hal_cortex.o(i.NVIC_SetPriority)
    i.StartDefaultTask                       0x0800136c   Section        0  freertos.o(i.StartDefaultTask)
    i.StartTask02                            0x08001384   Section        0  freertos.o(i.StartTask02)
    i.StartTask03                            0x0800139c   Section        0  freertos.o(i.StartTask03)
    i.StartTask04                            0x080013b8   Section        0  freertos.o(i.StartTask04)
    i.StartTask05                            0x080013d4   Section        0  freertos.o(i.StartTask05)
    i.SysTick_Handler                        0x080013fc   Section        0  stm32f1xx_it.o(i.SysTick_Handler)
    i.SystemClock_Config                     0x08001400   Section        0  main.o(i.SystemClock_Config)
    i.SystemInit                             0x08001468   Section        0  system_stm32f1xx.o(i.SystemInit)
    i.TIM6_IRQHandler                        0x080014b0   Section        0  stm32f1xx_it.o(i.TIM6_IRQHandler)
    i.TIM_Base_SetConfig                     0x080014bc   Section        0  stm32f1xx_hal_tim.o(i.TIM_Base_SetConfig)
    i.UART_SetConfig                         0x08001540   Section        0  stm32f1xx_hal_uart.o(i.UART_SetConfig)
    UART_SetConfig                           0x08001541   Thumb Code   364  stm32f1xx_hal_uart.o(i.UART_SetConfig)
    i.UART_WaitOnFlagUntilTimeout            0x080016b0   Section        0  stm32f1xx_hal_uart.o(i.UART_WaitOnFlagUntilTimeout)
    UART_WaitOnFlagUntilTimeout              0x080016b1   Thumb Code   146  stm32f1xx_hal_uart.o(i.UART_WaitOnFlagUntilTimeout)
    i.UsageFault_Handler                     0x08001742   Section        0  stm32f1xx_it.o(i.UsageFault_Handler)
    i._Error_Handler                         0x08001744   Section        0  main.o(i._Error_Handler)
    i.__0printf$bare                         0x08001748   Section        0  printfb.o(i.__0printf$bare)
    i.__scatterload_copy                     0x08001758   Section       14  handlers.o(i.__scatterload_copy)
    i.__scatterload_null                     0x08001766   Section        2  handlers.o(i.__scatterload_null)
    i.__scatterload_zeroinit                 0x08001768   Section       14  handlers.o(i.__scatterload_zeroinit)
    i._printf_core                           0x08001776   Section        0  printfb.o(i._printf_core)
    _printf_core                             0x08001777   Thumb Code    34  printfb.o(i._printf_core)
    i.fputc                                  0x08001798   Section        0  usart.o(i.fputc)
    i.main                                   0x080017b0   Section        0  main.o(i.main)
    i.makeFreeRtosPriority                   0x080017e8   Section        0  cmsis_os.o(i.makeFreeRtosPriority)
    makeFreeRtosPriority                     0x080017e9   Thumb Code    12  cmsis_os.o(i.makeFreeRtosPriority)
    i.osDelay                                0x080017f4   Section        0  cmsis_os.o(i.osDelay)
    i.osKernelStart                          0x08001802   Section        0  cmsis_os.o(i.osKernelStart)
    i.osSystickHandler                       0x0800180c   Section        0  cmsis_os.o(i.osSystickHandler)
    i.osThreadCreate                         0x08001820   Section        0  cmsis_os.o(i.osThreadCreate)
    i.prvAddCurrentTaskToDelayedList         0x08001858   Section        0  tasks.o(i.prvAddCurrentTaskToDelayedList)
    prvAddCurrentTaskToDelayedList           0x08001859   Thumb Code    48  tasks.o(i.prvAddCurrentTaskToDelayedList)
    i.prvCheckDataToBeOverwrittenForMultiEntryEvents 0x0800188c   Section        0  trcsnapshotrecorder.o(i.prvCheckDataToBeOverwrittenForMultiEntryEvents)
    prvCheckDataToBeOverwrittenForMultiEntryEvents 0x0800188d   Thumb Code   118  trcsnapshotrecorder.o(i.prvCheckDataToBeOverwrittenForMultiEntryEvents)
    i.prvCheckTasksWaitingTermination        0x0800190c   Section        0  tasks.o(i.prvCheckTasksWaitingTermination)
    prvCheckTasksWaitingTermination          0x0800190d   Thumb Code    76  tasks.o(i.prvCheckTasksWaitingTermination)
    i.prvHeapInit                            0x08001960   Section        0  heap_4.o(i.prvHeapInit)
    prvHeapInit                              0x08001961   Thumb Code    66  heap_4.o(i.prvHeapInit)
    i.prvIdleTask                            0x080019ac   Section        0  tasks.o(i.prvIdleTask)
    prvIdleTask                              0x080019ad   Thumb Code    20  tasks.o(i.prvIdleTask)
    i.prvInsertBlockIntoFreeList             0x080019c4   Section        0  heap_4.o(i.prvInsertBlockIntoFreeList)
    prvInsertBlockIntoFreeList               0x080019c5   Thumb Code    72  heap_4.o(i.prvInsertBlockIntoFreeList)
    i.prvResetNextTaskUnblockTime            0x08001a10   Section        0  tasks.o(i.prvResetNextTaskUnblockTime)
    prvResetNextTaskUnblockTime              0x08001a11   Thumb Code    26  tasks.o(i.prvResetNextTaskUnblockTime)
    i.prvStrncpy                             0x08001a30   Section        0  trcsnapshotrecorder.o(i.prvStrncpy)
    prvStrncpy                               0x08001a31   Thumb Code    24  trcsnapshotrecorder.o(i.prvStrncpy)
    i.prvTaskExitError                       0x08001a48   Section        0  port.o(i.prvTaskExitError)
    prvTaskExitError                         0x08001a49   Thumb Code    20  port.o(i.prvTaskExitError)
    i.prvTraceError                          0x08001a60   Section        0  trcsnapshotrecorder.o(i.prvTraceError)
    i.prvTraceGetCurrentTaskHandle           0x08001a94   Section        0  trckernelport.o(i.prvTraceGetCurrentTaskHandle)
    i.prvTraceGetDTS                         0x08001a98   Section        0  trcsnapshotrecorder.o(i.prvTraceGetDTS)
    prvTraceGetDTS                           0x08001a99   Thumb Code   198  trcsnapshotrecorder.o(i.prvTraceGetDTS)
    i.prvTraceGetObjectHandle                0x08001bd0   Section        0  trcsnapshotrecorder.o(i.prvTraceGetObjectHandle)
    i.prvTraceGetObjectState                 0x08001c94   Section        0  trcsnapshotrecorder.o(i.prvTraceGetObjectState)
    prvTraceGetObjectState                   0x08001c95   Thumb Code    62  trcsnapshotrecorder.o(i.prvTraceGetObjectState)
    i.prvTraceGetParam                       0x08001d18   Section        0  trcsnapshotrecorder.o(i.prvTraceGetParam)
    prvTraceGetParam                         0x08001d19   Thumb Code    68  trcsnapshotrecorder.o(i.prvTraceGetParam)
    i.prvTraceGetTaskNumber                  0x08001d98   Section        0  trckernelport.o(i.prvTraceGetTaskNumber)
    i.prvTraceInitCortexM                    0x08001da4   Section        0  trcsnapshotrecorder.o(i.prvTraceInitCortexM)
    i.prvTraceInitTraceData                  0x08001e44   Section        0  trcsnapshotrecorder.o(i.prvTraceInitTraceData)
    prvTraceInitTraceData                    0x08001e45   Thumb Code   264  trcsnapshotrecorder.o(i.prvTraceInitTraceData)
    i.prvTraceNextFreeEventBufferSlot        0x08001f6c   Section        0  trcsnapshotrecorder.o(i.prvTraceNextFreeEventBufferSlot)
    prvTraceNextFreeEventBufferSlot          0x08001f6d   Thumb Code    38  trcsnapshotrecorder.o(i.prvTraceNextFreeEventBufferSlot)
    i.prvTracePortGetTimeStamp               0x08001fc0   Section        0  trcsnapshotrecorder.o(i.prvTracePortGetTimeStamp)
    i.prvTraceSetObjectName                  0x08002000   Section        0  trcsnapshotrecorder.o(i.prvTraceSetObjectName)
    i.prvTraceSetObjectState                 0x080020f8   Section        0  trcsnapshotrecorder.o(i.prvTraceSetObjectState)
    i.prvTraceSetPriorityProperty            0x0800217c   Section        0  trcsnapshotrecorder.o(i.prvTraceSetPriorityProperty)
    i.prvTraceSetTaskInstanceFinished        0x08002204   Section        0  trcsnapshotrecorder.o(i.prvTraceSetTaskInstanceFinished)
    i.prvTraceStoreKernelCall                0x0800223c   Section        0  trcsnapshotrecorder.o(i.prvTraceStoreKernelCall)
    i.prvTraceStoreKernelCallWithNumericParamOnly 0x08002364   Section        0  trcsnapshotrecorder.o(i.prvTraceStoreKernelCallWithNumericParamOnly)
    i.prvTraceStoreTaskReady                 0x08002434   Section        0  trcsnapshotrecorder.o(i.prvTraceStoreTaskReady)
    i.prvTraceStoreTaskswitch                0x08002530   Section        0  trcsnapshotrecorder.o(i.prvTraceStoreTaskswitch)
    i.prvTraceUpdateCounters                 0x080025e8   Section        0  trcsnapshotrecorder.o(i.prvTraceUpdateCounters)
    prvTraceUpdateCounters                   0x080025e9   Thumb Code    44  trcsnapshotrecorder.o(i.prvTraceUpdateCounters)
    i.pszTraceGetErrorNotEnoughHandles       0x08002618   Section        0  trckernelport.o(i.pszTraceGetErrorNotEnoughHandles)
    i.pvPortMalloc                           0x08002694   Section        0  heap_4.o(i.pvPortMalloc)
    i.pxPortInitialiseStack                  0x0800275c   Section        0  port.o(i.pxPortInitialiseStack)
    i.uiIndexOfObject                        0x0800277c   Section        0  trcsnapshotrecorder.o(i.uiIndexOfObject)
    i.uiTraceIsObjectExcluded                0x0800283c   Section        0  trckernelport.o(i.uiTraceIsObjectExcluded)
    i.uiTraceStart                           0x08002910   Section        0  trcsnapshotrecorder.o(i.uiTraceStart)
    i.uxListRemove                           0x08002998   Section        0  list.o(i.uxListRemove)
    i.uxTaskGetTaskNumber                    0x080029bc   Section        0  tasks.o(i.uxTaskGetTaskNumber)
    i.vListInitialise                        0x080029c4   Section        0  list.o(i.vListInitialise)
    i.vListInitialiseItem                    0x080029da   Section        0  list.o(i.vListInitialiseItem)
    i.vListInsert                            0x080029e0   Section        0  list.o(i.vListInsert)
    i.vListInsertEnd                         0x08002a10   Section        0  list.o(i.vListInsertEnd)
    i.vPortEnterCritical                     0x08002a28   Section        0  port.o(i.vPortEnterCritical)
    i.vPortExitCritical                      0x08002a60   Section        0  port.o(i.vPortExitCritical)
    i.vPortFree                              0x08002a84   Section        0  heap_4.o(i.vPortFree)
    i.vPortSetupTimerInterrupt               0x08002ad8   Section        0  port.o(i.vPortSetupTimerInterrupt)
    i.vPortYield                             0x08002af8   Section        0  port.o(i.vPortYield)
    i.vTaskDelay                             0x08002b10   Section        0  tasks.o(i.vTaskDelay)
    i.vTaskStartScheduler                    0x08002b80   Section        0  tasks.o(i.vTaskStartScheduler)
    i.vTaskSuspendAll                        0x08002bd4   Section        0  tasks.o(i.vTaskSuspendAll)
    i.vTaskSwitchContext                     0x08002be4   Section        0  tasks.o(i.vTaskSwitchContext)
    i.vTraceEnable                           0x08002c44   Section        0  trcsnapshotrecorder.o(i.vTraceEnable)
    i.vTraceInitObjectHandleStack            0x08002ce4   Section        0  trckernelport.o(i.vTraceInitObjectHandleStack)
    i.vTraceInitObjectPropertyTable          0x08002d34   Section        0  trckernelport.o(i.vTraceInitObjectPropertyTable)
    i.vTraceStop                             0x08002da4   Section        0  trcsnapshotrecorder.o(i.vTraceStop)
    i.vTraceStoreMemMangEvent                0x08002dbc   Section        0  trcsnapshotrecorder.o(i.vTraceStoreMemMangEvent)
    i.xPortStartScheduler                    0x08002e6c   Section        0  port.o(i.xPortStartScheduler)
    i.xPortSysTickHandler                    0x08002ee0   Section        0  port.o(i.xPortSysTickHandler)
    i.xTaskGenericCreate                     0x08002f04   Section        0  tasks.o(i.xTaskGenericCreate)
    i.xTaskGetCurrentTaskHandle              0x080030e4   Section        0  tasks.o(i.xTaskGetCurrentTaskHandle)
    i.xTaskGetSchedulerState                 0x080030f0   Section        0  tasks.o(i.xTaskGetSchedulerState)
    i.xTaskIncrementTick                     0x0800310c   Section        0  tasks.o(i.xTaskIncrementTick)
    i.xTaskResumeAll                         0x080031f4   Section        0  tasks.o(i.xTaskResumeAll)
    .constdata                               0x080032a8   Section      100  freertos.o(.constdata)
    .constdata                               0x0800330c   Section       16  system_stm32f1xx.o(.constdata)
    .constdata                               0x0800331c   Section        8  system_stm32f1xx.o(.constdata)
    .conststring                             0x08003324   Section       60  freertos.o(.conststring)
    .conststring                             0x08003360   Section      821  trcsnapshotrecorder.o(.conststring)
    .conststring                             0x08003698   Section      606  trckernelport.o(.conststring)
    .data                                    0x20000000   Section       20  freertos.o(.data)
    .data                                    0x20000014   Section        4  system_stm32f1xx.o(.data)
    .data                                    0x20000018   Section       12  port.o(.data)
    ucMaxSysCallPriority                     0x20000018   Data           1  port.o(.data)
    uxCriticalNesting                        0x2000001c   Data           4  port.o(.data)
    ulMaxPRIGROUPValue                       0x20000020   Data           4  port.o(.data)
    .data                                    0x20000024   Section       24  heap_4.o(.data)
    pxEnd                                    0x20000024   Data           4  heap_4.o(.data)
    xFreeBytesRemaining                      0x20000028   Data           4  heap_4.o(.data)
    xMinimumEverFreeBytesRemaining           0x2000002c   Data           4  heap_4.o(.data)
    xBlockAllocatedBit                       0x20000030   Data           4  heap_4.o(.data)
    xStart                                   0x20000034   Data           8  heap_4.o(.data)
    .data                                    0x2000003c   Section       56  tasks.o(.data)
    uxTasksDeleted                           0x20000040   Data           4  tasks.o(.data)
    uxCurrentNumberOfTasks                   0x20000044   Data           4  tasks.o(.data)
    xTickCount                               0x20000048   Data           4  tasks.o(.data)
    uxTopReadyPriority                       0x2000004c   Data           4  tasks.o(.data)
    xSchedulerRunning                        0x20000050   Data           4  tasks.o(.data)
    uxPendedTicks                            0x20000054   Data           4  tasks.o(.data)
    xYieldPending                            0x20000058   Data           4  tasks.o(.data)
    xNumOfOverflows                          0x2000005c   Data           4  tasks.o(.data)
    uxTaskNumber                             0x20000060   Data           4  tasks.o(.data)
    xNextTaskUnblockTime                     0x20000064   Data           4  tasks.o(.data)
    uxSchedulerSuspended                     0x20000068   Data           4  tasks.o(.data)
    pxDelayedTaskList                        0x2000006c   Data           4  tasks.o(.data)
    pxOverflowDelayedTaskList                0x20000070   Data           4  tasks.o(.data)
    .data                                    0x20000074   Section        4  stm32f1xx_hal.o(.data)
    uwTick                                   0x20000074   Data           4  stm32f1xx_hal.o(.data)
    .data                                    0x20000078   Section       84  trcsnapshotrecorder.o(.data)
    handle                                   0x2000007b   Data           1  trcsnapshotrecorder.o(.data)
    idx                                      0x2000007c   Data           2  trcsnapshotrecorder.o(.data)
    readyEventsEnabled                       0x20000084   Data           4  trcsnapshotrecorder.o(.data)
    last_timestamp                           0x2000008c   Data           4  trcsnapshotrecorder.o(.data)
    heapMemUsage                             0x200000a0   Data           4  trcsnapshotrecorder.o(.data)
    indexOfHandle                            0x200000a8   Data           4  trcsnapshotrecorder.o(.data)
    old_timestamp                            0x200000ac   Data           4  trcsnapshotrecorder.o(.data)
    last_hwtc_count                          0x200000b0   Data           4  trcsnapshotrecorder.o(.data)
    last_hwtc_rest                           0x200000b4   Data           4  trcsnapshotrecorder.o(.data)
    isrstack                                 0x200000c4   Data           8  trcsnapshotrecorder.o(.data)
    .data                                    0x200000cc   Section        4  trcsnapshotrecorder.o(.data)
    .data                                    0x200000d0   Section        4  stdout.o(.data)
    .bss                                     0x200000d4   Section       60  stm32f1xx_hal_timebase_tim.o(.bss)
    .bss                                     0x20000110   Section       64  usart.o(.bss)
    .bss                                     0x20000150   Section    10240  heap_4.o(.bss)
    ucHeap                                   0x20000150   Data       10240  heap_4.o(.bss)
    .bss                                     0x20002950   Section      240  tasks.o(.bss)
    pxReadyTasksLists                        0x20002950   Data         140  tasks.o(.bss)
    xDelayedTaskList1                        0x200029dc   Data          20  tasks.o(.bss)
    xDelayedTaskList2                        0x200029f0   Data          20  tasks.o(.bss)
    xPendingReadyList                        0x20002a04   Data          20  tasks.o(.bss)
    xTasksWaitingTermination                 0x20002a18   Data          20  tasks.o(.bss)
    xSuspendedTaskList                       0x20002a2c   Data          20  tasks.o(.bss)
    .bss                                     0x20002a40   Section     6272  trcsnapshotrecorder.o(.bss)
    STACK                                    0x200042c0   Section     1024  startup_stm32f103xe.o(STACK)

    Global Symbols

    Symbol Name                              Value     Ov Type        Size  Object(Section)

    BuildAttributes$$THM_ISAv4$P$D$K$B$S$PE$A:L22UL41UL21$X:L11$S22US41US21$IEEE1$IW$USESV6$~STKCKD$USESV7$~SHL$OSPACE$ROPI$EBA8$MICROLIB$REQ8$PRES8$EABIv2 0x00000000   Number         0  anon$$obj.o ABSOLUTE
    __ARM_use_no_argv                        0x00000000   Number         0  main.o ABSOLUTE
    __cpp_initialize__aeabi_                  - Undefined Weak Reference
    __cxa_finalize                            - Undefined Weak Reference
    __decompress                              - Undefined Weak Reference
    _clock_init                               - Undefined Weak Reference
    _microlib_exit                            - Undefined Weak Reference
    __Vectors_Size                           0x00000130   Number         0  startup_stm32f103xe.o ABSOLUTE
    __Vectors                                0x08000000   Data           4  startup_stm32f103xe.o(RESET)
    __Vectors_End                            0x08000130   Data           0  startup_stm32f103xe.o(RESET)
    __main                                   0x08000131   Thumb Code     0  entry.o(.ARM.Collect$$$$00000000)
    _main_stk                                0x08000131   Thumb Code     0  entry2.o(.ARM.Collect$$$$00000001)
    _main_scatterload                        0x08000135   Thumb Code     0  entry5.o(.ARM.Collect$$$$00000004)
    __main_after_scatterload                 0x08000139   Thumb Code     0  entry5.o(.ARM.Collect$$$$00000004)
    _main_clock                              0x08000139   Thumb Code     0  entry7b.o(.ARM.Collect$$$$00000008)
    _main_cpp_init                           0x08000139   Thumb Code     0  entry8b.o(.ARM.Collect$$$$0000000A)
    _main_init                               0x08000139   Thumb Code     0  entry9a.o(.ARM.Collect$$$$0000000B)
    __rt_final_cpp                           0x08000141   Thumb Code     0  entry10a.o(.ARM.Collect$$$$0000000D)
    __rt_final_exit                          0x08000141   Thumb Code     0  entry11a.o(.ARM.Collect$$$$0000000F)
    SVC_Handler                              0x08000145   Thumb Code    32  port.o(.emb_text)
    __asm___6_port_c_39a90d8d__prvStartFirstTask 0x08000169   Thumb Code    28  port.o(.emb_text)
    PendSV_Handler                           0x08000189   Thumb Code    64  port.o(.emb_text)
    ulPortSetInterruptMask                   0x080001cd   Thumb Code    14  port.o(.emb_text)
    vPortClearInterruptMask                  0x080001db   Thumb Code     6  port.o(.emb_text)
    vPortGetIPSR                             0x080001e1   Thumb Code     6  port.o(.emb_text)
    Reset_Handler                            0x080001e9   Thumb Code     8  startup_stm32f103xe.o(.text)
    ADC1_2_IRQHandler                        0x08000203   Thumb Code     0  startup_stm32f103xe.o(.text)
    ADC3_IRQHandler                          0x08000203   Thumb Code     0  startup_stm32f103xe.o(.text)
    CAN1_RX1_IRQHandler                      0x08000203   Thumb Code     0  startup_stm32f103xe.o(.text)
    CAN1_SCE_IRQHandler                      0x08000203   Thumb Code     0  startup_stm32f103xe.o(.text)
    DMA1_Channel1_IRQHandler                 0x08000203   Thumb Code     0  startup_stm32f103xe.o(.text)
    DMA1_Channel2_IRQHandler                 0x08000203   Thumb Code     0  startup_stm32f103xe.o(.text)
    DMA1_Channel3_IRQHandler                 0x08000203   Thumb Code     0  startup_stm32f103xe.o(.text)
    DMA1_Channel4_IRQHandler                 0x08000203   Thumb Code     0  startup_stm32f103xe.o(.text)
    DMA1_Channel5_IRQHandler                 0x08000203   Thumb Code     0  startup_stm32f103xe.o(.text)
    DMA1_Channel6_IRQHandler                 0x08000203   Thumb Code     0  startup_stm32f103xe.o(.text)
    DMA1_Channel7_IRQHandler                 0x08000203   Thumb Code     0  startup_stm32f103xe.o(.text)
    DMA2_Channel1_IRQHandler                 0x08000203   Thumb Code     0  startup_stm32f103xe.o(.text)
    DMA2_Channel2_IRQHandler                 0x08000203   Thumb Code     0  startup_stm32f103xe.o(.text)
    DMA2_Channel3_IRQHandler                 0x08000203   Thumb Code     0  startup_stm32f103xe.o(.text)
    DMA2_Channel4_5_IRQHandler               0x08000203   Thumb Code     0  startup_stm32f103xe.o(.text)
    EXTI0_IRQHandler                         0x08000203   Thumb Code     0  startup_stm32f103xe.o(.text)
    EXTI15_10_IRQHandler                     0x08000203   Thumb Code     0  startup_stm32f103xe.o(.text)
    EXTI1_IRQHandler                         0x08000203   Thumb Code     0  startup_stm32f103xe.o(.text)
    EXTI2_IRQHandler                         0x08000203   Thumb Code     0  startup_stm32f103xe.o(.text)
    EXTI3_IRQHandler                         0x08000203   Thumb Code     0  startup_stm32f103xe.o(.text)
    EXTI4_IRQHandler                         0x08000203   Thumb Code     0  startup_stm32f103xe.o(.text)
    EXTI9_5_IRQHandler                       0x08000203   Thumb Code     0  startup_stm32f103xe.o(.text)
    FLASH_IRQHandler                         0x08000203   Thumb Code     0  startup_stm32f103xe.o(.text)
    FSMC_IRQHandler                          0x08000203   Thumb Code     0  startup_stm32f103xe.o(.text)
    I2C1_ER_IRQHandler                       0x08000203   Thumb Code     0  startup_stm32f103xe.o(.text)
    I2C1_EV_IRQHandler                       0x08000203   Thumb Code     0  startup_stm32f103xe.o(.text)
    I2C2_ER_IRQHandler                       0x08000203   Thumb Code     0  startup_stm32f103xe.o(.text)
    I2C2_EV_IRQHandler                       0x08000203   Thumb Code     0  startup_stm32f103xe.o(.text)
    PVD_IRQHandler                           0x08000203   Thumb Code     0  startup_stm32f103xe.o(.text)
    RCC_IRQHandler                           0x08000203   Thumb Code     0  startup_stm32f103xe.o(.text)
    RTC_Alarm_IRQHandler                     0x08000203   Thumb Code     0  startup_stm32f103xe.o(.text)
    RTC_IRQHandler                           0x08000203   Thumb Code     0  startup_stm32f103xe.o(.text)
    SDIO_IRQHandler                          0x08000203   Thumb Code     0  startup_stm32f103xe.o(.text)
    SPI1_IRQHandler                          0x08000203   Thumb Code     0  startup_stm32f103xe.o(.text)
    SPI2_IRQHandler                          0x08000203   Thumb Code     0  startup_stm32f103xe.o(.text)
    SPI3_IRQHandler                          0x08000203   Thumb Code     0  startup_stm32f103xe.o(.text)
    TAMPER_IRQHandler                        0x08000203   Thumb Code     0  startup_stm32f103xe.o(.text)
    TIM1_BRK_IRQHandler                      0x08000203   Thumb Code     0  startup_stm32f103xe.o(.text)
    TIM1_CC_IRQHandler                       0x08000203   Thumb Code     0  startup_stm32f103xe.o(.text)
    TIM1_TRG_COM_IRQHandler                  0x08000203   Thumb Code     0  startup_stm32f103xe.o(.text)
    TIM1_UP_IRQHandler                       0x08000203   Thumb Code     0  startup_stm32f103xe.o(.text)
    TIM2_IRQHandler                          0x08000203   Thumb Code     0  startup_stm32f103xe.o(.text)
    TIM3_IRQHandler                          0x08000203   Thumb Code     0  startup_stm32f103xe.o(.text)
    TIM4_IRQHandler                          0x08000203   Thumb Code     0  startup_stm32f103xe.o(.text)
    TIM5_IRQHandler                          0x08000203   Thumb Code     0  startup_stm32f103xe.o(.text)
    TIM7_IRQHandler                          0x08000203   Thumb Code     0  startup_stm32f103xe.o(.text)
    TIM8_BRK_IRQHandler                      0x08000203   Thumb Code     0  startup_stm32f103xe.o(.text)
    TIM8_CC_IRQHandler                       0x08000203   Thumb Code     0  startup_stm32f103xe.o(.text)
    TIM8_TRG_COM_IRQHandler                  0x08000203   Thumb Code     0  startup_stm32f103xe.o(.text)
    TIM8_UP_IRQHandler                       0x08000203   Thumb Code     0  startup_stm32f103xe.o(.text)
    UART4_IRQHandler                         0x08000203   Thumb Code     0  startup_stm32f103xe.o(.text)
    UART5_IRQHandler                         0x08000203   Thumb Code     0  startup_stm32f103xe.o(.text)
    USART1_IRQHandler                        0x08000203   Thumb Code     0  startup_stm32f103xe.o(.text)
    USART2_IRQHandler                        0x08000203   Thumb Code     0  startup_stm32f103xe.o(.text)
    USART3_IRQHandler                        0x08000203   Thumb Code     0  startup_stm32f103xe.o(.text)
    USBWakeUp_IRQHandler                     0x08000203   Thumb Code     0  startup_stm32f103xe.o(.text)
    USB_HP_CAN1_TX_IRQHandler                0x08000203   Thumb Code     0  startup_stm32f103xe.o(.text)
    USB_LP_CAN1_RX0_IRQHandler               0x08000203   Thumb Code     0  startup_stm32f103xe.o(.text)
    WWDG_IRQHandler                          0x08000203   Thumb Code     0  startup_stm32f103xe.o(.text)
    __aeabi_memcpy                           0x0800020d   Thumb Code    36  memcpya.o(.text)
    __aeabi_memcpy4                          0x0800020d   Thumb Code     0  memcpya.o(.text)
    __aeabi_memcpy8                          0x0800020d   Thumb Code     0  memcpya.o(.text)
    __aeabi_memset                           0x08000231   Thumb Code    14  memseta.o(.text)
    __aeabi_memset4                          0x08000231   Thumb Code     0  memseta.o(.text)
    __aeabi_memset8                          0x08000231   Thumb Code     0  memseta.o(.text)
    __aeabi_memclr                           0x0800023f   Thumb Code     4  memseta.o(.text)
    __aeabi_memclr4                          0x0800023f   Thumb Code     0  memseta.o(.text)
    __aeabi_memclr8                          0x0800023f   Thumb Code     0  memseta.o(.text)
    _memset$wrapper                          0x08000243   Thumb Code    18  memseta.o(.text)
    __scatterload                            0x08000255   Thumb Code    28  init.o(.text)
    __scatterload_rt2                        0x08000255   Thumb Code     0  init.o(.text)
    BusFault_Handler                         0x08000279   Thumb Code     2  stm32f1xx_it.o(i.BusFault_Handler)
    DebugMon_Handler                         0x0800027b   Thumb Code     2  stm32f1xx_it.o(i.DebugMon_Handler)
    HAL_Delay                                0x0800027d   Thumb Code    22  stm32f1xx_hal.o(i.HAL_Delay)
    HAL_GPIO_Init                            0x08000295   Thumb Code   446  stm32f1xx_hal_gpio.o(i.HAL_GPIO_Init)
    HAL_GPIO_TogglePin                       0x0800047d   Thumb Code     8  stm32f1xx_hal_gpio.o(i.HAL_GPIO_TogglePin)
    HAL_GPIO_WritePin                        0x08000485   Thumb Code    10  stm32f1xx_hal_gpio.o(i.HAL_GPIO_WritePin)
    HAL_GetTick                              0x08000491   Thumb Code     6  stm32f1xx_hal.o(i.HAL_GetTick)
    HAL_IncTick                              0x0800049d   Thumb Code    10  stm32f1xx_hal.o(i.HAL_IncTick)
    HAL_Init                                 0x080004ad   Thumb Code    32  stm32f1xx_hal.o(i.HAL_Init)
    HAL_InitTick                             0x080004d1   Thumb Code   100  stm32f1xx_hal_timebase_tim.o(i.HAL_InitTick)
    HAL_MspInit                              0x08000545   Thumb Code   118  stm32f1xx_hal_msp.o(i.HAL_MspInit)
    HAL_NVIC_EnableIRQ                       0x080005c5   Thumb Code    22  stm32f1xx_hal_cortex.o(i.HAL_NVIC_EnableIRQ)
    HAL_NVIC_SetPriority                     0x080005dd   Thumb Code    60  stm32f1xx_hal_cortex.o(i.HAL_NVIC_SetPriority)
    HAL_NVIC_SetPriorityGrouping             0x0800061d   Thumb Code    26  stm32f1xx_hal_cortex.o(i.HAL_NVIC_SetPriorityGrouping)
    HAL_RCC_ClockConfig                      0x08000641   Thumb Code   374  stm32f1xx_hal_rcc.o(i.HAL_RCC_ClockConfig)
    HAL_RCC_GetClockConfig                   0x080007c9   Thumb Code    54  stm32f1xx_hal_rcc.o(i.HAL_RCC_GetClockConfig)
    HAL_RCC_GetHCLKFreq                      0x08000809   Thumb Code     6  stm32f1xx_hal_rcc.o(i.HAL_RCC_GetHCLKFreq)
    HAL_RCC_GetPCLK1Freq                     0x08000815   Thumb Code    34  stm32f1xx_hal_rcc.o(i.HAL_RCC_GetPCLK1Freq)
    HAL_RCC_GetPCLK2Freq                     0x08000845   Thumb Code    34  stm32f1xx_hal_rcc.o(i.HAL_RCC_GetPCLK2Freq)
    HAL_RCC_GetSysClockFreq                  0x08000875   Thumb Code   102  stm32f1xx_hal_rcc.o(i.HAL_RCC_GetSysClockFreq)
    HAL_RCC_OscConfig                        0x080008fd   Thumb Code  1406  stm32f1xx_hal_rcc.o(i.HAL_RCC_OscConfig)
    HAL_SYSTICK_CLKSourceConfig              0x08000e7b   Thumb Code    24  stm32f1xx_hal_cortex.o(i.HAL_SYSTICK_CLKSourceConfig)
    HAL_SYSTICK_Config                       0x08000e93   Thumb Code    40  stm32f1xx_hal_cortex.o(i.HAL_SYSTICK_Config)
    HAL_TIMEx_BreakCallback                  0x08000ebb   Thumb Code     2  stm32f1xx_hal_tim_ex.o(i.HAL_TIMEx_BreakCallback)
    HAL_TIMEx_CommutationCallback            0x08000ebd   Thumb Code     2  stm32f1xx_hal_tim_ex.o(i.HAL_TIMEx_CommutationCallback)
    HAL_TIM_Base_Init                        0x08000ebf   Thumb Code    54  stm32f1xx_hal_tim.o(i.HAL_TIM_Base_Init)
    HAL_TIM_Base_MspInit                     0x08000ef5   Thumb Code     2  stm32f1xx_hal_tim.o(i.HAL_TIM_Base_MspInit)
    HAL_TIM_Base_Start_IT                    0x08000ef7   Thumb Code    24  stm32f1xx_hal_tim.o(i.HAL_TIM_Base_Start_IT)
    HAL_TIM_IC_CaptureCallback               0x08000f0f   Thumb Code     2  stm32f1xx_hal_tim.o(i.HAL_TIM_IC_CaptureCallback)
    HAL_TIM_IRQHandler                       0x08000f11   Thumb Code   358  stm32f1xx_hal_tim.o(i.HAL_TIM_IRQHandler)
    HAL_TIM_OC_DelayElapsedCallback          0x08001077   Thumb Code     2  stm32f1xx_hal_tim.o(i.HAL_TIM_OC_DelayElapsedCallback)
    HAL_TIM_PWM_PulseFinishedCallback        0x08001079   Thumb Code     2  stm32f1xx_hal_tim.o(i.HAL_TIM_PWM_PulseFinishedCallback)
    HAL_TIM_PeriodElapsedCallback            0x0800107d   Thumb Code    14  main.o(i.HAL_TIM_PeriodElapsedCallback)
    HAL_TIM_TriggerCallback                  0x08001091   Thumb Code     2  stm32f1xx_hal_tim.o(i.HAL_TIM_TriggerCallback)
    HAL_UART_Init                            0x08001093   Thumb Code    94  stm32f1xx_hal_uart.o(i.HAL_UART_Init)
    HAL_UART_MspInit                         0x080010f1   Thumb Code    74  usart.o(i.HAL_UART_MspInit)
    HAL_UART_Transmit                        0x08001149   Thumb Code   204  stm32f1xx_hal_uart.o(i.HAL_UART_Transmit)
    HardFault_Handler                        0x08001215   Thumb Code     2  stm32f1xx_it.o(i.HardFault_Handler)
    MX_FREERTOS_Init                         0x08001219   Thumb Code   118  freertos.o(i.MX_FREERTOS_Init)
    MX_GPIO_Init                             0x08001299   Thumb Code    92  gpio.o(i.MX_GPIO_Init)
    MX_USART2_UART_Init                      0x080012fd   Thumb Code    52  usart.o(i.MX_USART2_UART_Init)
    MemManage_Handler                        0x08001349   Thumb Code     2  stm32f1xx_it.o(i.MemManage_Handler)
    NMI_Handler                              0x0800134b   Thumb Code     2  stm32f1xx_it.o(i.NMI_Handler)
    StartDefaultTask                         0x0800136d   Thumb Code    18  freertos.o(i.StartDefaultTask)
    StartTask02                              0x08001385   Thumb Code    18  freertos.o(i.StartTask02)
    StartTask03                              0x0800139d   Thumb Code    22  freertos.o(i.StartTask03)
    StartTask04                              0x080013b9   Thumb Code    22  freertos.o(i.StartTask04)
    StartTask05                              0x080013d5   Thumb Code    18  freertos.o(i.StartTask05)
    SysTick_Handler                          0x080013fd   Thumb Code     4  stm32f1xx_it.o(i.SysTick_Handler)
    SystemClock_Config                       0x08001401   Thumb Code   102  main.o(i.SystemClock_Config)
    SystemInit                               0x08001469   Thumb Code    56  system_stm32f1xx.o(i.SystemInit)
    TIM6_IRQHandler                          0x080014b1   Thumb Code     6  stm32f1xx_it.o(i.TIM6_IRQHandler)
    TIM_Base_SetConfig                       0x080014bd   Thumb Code   112  stm32f1xx_hal_tim.o(i.TIM_Base_SetConfig)
    UsageFault_Handler                       0x08001743   Thumb Code     2  stm32f1xx_it.o(i.UsageFault_Handler)
    _Error_Handler                           0x08001745   Thumb Code     2  main.o(i._Error_Handler)
    __0printf$bare                           0x08001749   Thumb Code     8  printfb.o(i.__0printf$bare)
    __1printf$bare                           0x08001749   Thumb Code     0  printfb.o(i.__0printf$bare)
    __2printf                                0x08001749   Thumb Code     0  printfb.o(i.__0printf$bare)
    __scatterload_copy                       0x08001759   Thumb Code    14  handlers.o(i.__scatterload_copy)
    __scatterload_null                       0x08001767   Thumb Code     2  handlers.o(i.__scatterload_null)
    __scatterload_zeroinit                   0x08001769   Thumb Code    14  handlers.o(i.__scatterload_zeroinit)
    fputc                                    0x08001799   Thumb Code    20  usart.o(i.fputc)
    main                                     0x080017b1   Thumb Code    38  main.o(i.main)
    osDelay                                  0x080017f5   Thumb Code    14  cmsis_os.o(i.osDelay)
    osKernelStart                            0x08001803   Thumb Code    10  cmsis_os.o(i.osKernelStart)
    osSystickHandler                         0x0800180d   Thumb Code    20  cmsis_os.o(i.osSystickHandler)
    osThreadCreate                           0x08001821   Thumb Code    56  cmsis_os.o(i.osThreadCreate)
    prvTraceError                            0x08001a61   Thumb Code    46  trcsnapshotrecorder.o(i.prvTraceError)
    prvTraceGetCurrentTaskHandle             0x08001a95   Thumb Code     4  trckernelport.o(i.prvTraceGetCurrentTaskHandle)
    prvTraceGetObjectHandle                  0x08001bd1   Thumb Code   184  trcsnapshotrecorder.o(i.prvTraceGetObjectHandle)
    prvTraceGetTaskNumber                    0x08001d99   Thumb Code    10  trckernelport.o(i.prvTraceGetTaskNumber)
    prvTraceInitCortexM                      0x08001da5   Thumb Code    54  trcsnapshotrecorder.o(i.prvTraceInitCortexM)
    prvTracePortGetTimeStamp                 0x08001fc1   Thumb Code    54  trcsnapshotrecorder.o(i.prvTracePortGetTimeStamp)
    prvTraceSetObjectName                    0x08002001   Thumb Code    96  trcsnapshotrecorder.o(i.prvTraceSetObjectName)
    prvTraceSetObjectState                   0x080020f9   Thumb Code    64  trcsnapshotrecorder.o(i.prvTraceSetObjectState)
    prvTraceSetPriorityProperty              0x0800217d   Thumb Code    64  trcsnapshotrecorder.o(i.prvTraceSetPriorityProperty)
    prvTraceSetTaskInstanceFinished          0x08002205   Thumb Code    46  trcsnapshotrecorder.o(i.prvTraceSetTaskInstanceFinished)
    prvTraceStoreKernelCall                  0x0800223d   Thumb Code   166  trcsnapshotrecorder.o(i.prvTraceStoreKernelCall)
    prvTraceStoreKernelCallWithNumericParamOnly 0x08002365   Thumb Code   140  trcsnapshotrecorder.o(i.prvTraceStoreKernelCallWithNumericParamOnly)
    prvTraceStoreTaskReady                   0x08002435   Thumb Code   128  trcsnapshotrecorder.o(i.prvTraceStoreTaskReady)
    prvTraceStoreTaskswitch                  0x08002531   Thumb Code   176  trcsnapshotrecorder.o(i.prvTraceStoreTaskswitch)
    pszTraceGetErrorNotEnoughHandles         0x08002619   Thumb Code    48  trckernelport.o(i.pszTraceGetErrorNotEnoughHandles)
    pvPortMalloc                             0x08002695   Thumb Code   194  heap_4.o(i.pvPortMalloc)
    pxPortInitialiseStack                    0x0800275d   Thumb Code    28  port.o(i.pxPortInitialiseStack)
    uiIndexOfObject                          0x0800277d   Thumb Code    58  trcsnapshotrecorder.o(i.uiIndexOfObject)
    uiTraceIsObjectExcluded                  0x0800283d   Thumb Code    92  trckernelport.o(i.uiTraceIsObjectExcluded)
    uiTraceStart                             0x08002911   Thumb Code   116  trcsnapshotrecorder.o(i.uiTraceStart)
    uxListRemove                             0x08002999   Thumb Code    36  list.o(i.uxListRemove)
    uxTaskGetTaskNumber                      0x080029bd   Thumb Code     8  tasks.o(i.uxTaskGetTaskNumber)
    vListInitialise                          0x080029c5   Thumb Code    22  list.o(i.vListInitialise)
    vListInitialiseItem                      0x080029db   Thumb Code     6  list.o(i.vListInitialiseItem)
    vListInsert                              0x080029e1   Thumb Code    48  list.o(i.vListInsert)
    vListInsertEnd                           0x08002a11   Thumb Code    24  list.o(i.vListInsertEnd)
    vPortEnterCritical                       0x08002a29   Thumb Code    46  port.o(i.vPortEnterCritical)
    vPortExitCritical                        0x08002a61   Thumb Code    30  port.o(i.vPortExitCritical)
    vPortFree                                0x08002a85   Thumb Code    78  heap_4.o(i.vPortFree)
    vPortSetupTimerInterrupt                 0x08002ad9   Thumb Code    26  port.o(i.vPortSetupTimerInterrupt)
    vPortYield                               0x08002af9   Thumb Code    18  port.o(i.vPortYield)
    vTaskDelay                               0x08002b11   Thumb Code   106  tasks.o(i.vTaskDelay)
    vTaskStartScheduler                      0x08002b81   Thumb Code    66  tasks.o(i.vTaskStartScheduler)
    vTaskSuspendAll                          0x08002bd5   Thumb Code    10  tasks.o(i.vTaskSuspendAll)
    vTaskSwitchContext                       0x08002be5   Thumb Code    88  tasks.o(i.vTaskSwitchContext)
    vTraceEnable                             0x08002c45   Thumb Code    44  trcsnapshotrecorder.o(i.vTraceEnable)
    vTraceInitObjectHandleStack              0x08002ce5   Thumb Code    74  trckernelport.o(i.vTraceInitObjectHandleStack)
    vTraceInitObjectPropertyTable            0x08002d35   Thumb Code   108  trckernelport.o(i.vTraceInitObjectPropertyTable)
    vTraceStop                               0x08002da5   Thumb Code    18  trcsnapshotrecorder.o(i.vTraceStop)
    vTraceStoreMemMangEvent                  0x08002dbd   Thumb Code   170  trcsnapshotrecorder.o(i.vTraceStoreMemMangEvent)
    xPortStartScheduler                      0x08002e6d   Thumb Code   102  port.o(i.xPortStartScheduler)
    xPortSysTickHandler                      0x08002ee1   Thumb Code    30  port.o(i.xPortSysTickHandler)
    xTaskGenericCreate                       0x08002f05   Thumb Code   472  tasks.o(i.xTaskGenericCreate)
    xTaskGetCurrentTaskHandle                0x080030e5   Thumb Code     6  tasks.o(i.xTaskGetCurrentTaskHandle)
    xTaskGetSchedulerState                   0x080030f1   Thumb Code    22  tasks.o(i.xTaskGetSchedulerState)
    xTaskIncrementTick                       0x0800310d   Thumb Code   220  tasks.o(i.xTaskIncrementTick)
    xTaskResumeAll                           0x080031f5   Thumb Code   172  tasks.o(i.xTaskResumeAll)
    AHBPrescTable                            0x0800330c   Data          16  system_stm32f1xx.o(.constdata)
    APBPrescTable                            0x0800331c   Data           8  system_stm32f1xx.o(.constdata)
    Region$$Table$$Base                      0x080038f8   Number         0  anon$$obj.o(Region$$Table)
    Region$$Table$$Limit                     0x08003918   Number         0  anon$$obj.o(Region$$Table)
    defaultTaskHandle                        0x20000000   Data           4  freertos.o(.data)
    myTask02Handle                           0x20000004   Data           4  freertos.o(.data)
    myTask03Handle                           0x20000008   Data           4  freertos.o(.data)
    myTask04Handle                           0x2000000c   Data           4  freertos.o(.data)
    myTask05Handle                           0x20000010   Data           4  freertos.o(.data)
    SystemCoreClock                          0x20000014   Data           4  system_stm32f1xx.o(.data)
    pxCurrentTCB                             0x2000003c   Data           4  tasks.o(.data)
    nISRactive                               0x20000078   Data           1  trcsnapshotrecorder.o(.data)
    handle_of_last_logged_task               0x20000079   Data           1  trcsnapshotrecorder.o(.data)
    inExcludedTask                           0x2000007a   Data           1  trcsnapshotrecorder.o(.data)
    isPendingContextSwitch                   0x20000080   Data           4  trcsnapshotrecorder.o(.data)
    trace_disable_timestamp                  0x20000088   Data           4  trcsnapshotrecorder.o(.data)
    recorder_busy                            0x20000090   Data           4  trcsnapshotrecorder.o(.data)
    timestampFrequency                       0x20000094   Data           4  trcsnapshotrecorder.o(.data)
    traceErrorMessage                        0x20000098   Data           4  trcsnapshotrecorder.o(.data)
    vTraceStopHookPtr                        0x2000009c   Data           4  trcsnapshotrecorder.o(.data)
    RecorderDataPtr                          0x200000a4   Data           4  trcsnapshotrecorder.o(.data)
    init_hwtc_count                          0x200000b8   Data           4  trcsnapshotrecorder.o(.data)
    trcExcludedObjects                       0x200000bc   Data           8  trcsnapshotrecorder.o(.data)
    uiTraceTickCount                         0x200000cc   Data           4  trcsnapshotrecorder.o(.data)
    __stdout                                 0x200000d0   Data           4  stdout.o(.data)
    htim6                                    0x200000d4   Data          60  stm32f1xx_hal_timebase_tim.o(.bss)
    huart2                                   0x20000110   Data          64  usart.o(.bss)
    trcExcludedEventCodes                    0x20002a40   Data          33  trcsnapshotrecorder.o(.bss)
    objectHandleStacks                       0x20002a62   Data         112  trcsnapshotrecorder.o(.bss)
    RecorderData                             0x20002ad4   Data        6124  trcsnapshotrecorder.o(.bss)
    __initial_sp                             0x200046c0   Data           0  startup_stm32f103xe.o(STACK)



==============================================================================

Memory Map of the image

  Image Entry point : 0x08000131

  Load Region LR_IROM1 (Base: 0x08000000, Size: 0x000039ec, Max: 0x00080000, ABSOLUTE)

    Execution Region ER_IROM1 (Base: 0x08000000, Size: 0x00003918, Max: 0x00080000, ABSOLUTE)

    Base Addr    Size         Type   Attr      Idx    E Section Name        Object

    0x08000000   0x00000130   Data   RO          532    RESET               startup_stm32f103xe.o
    0x08000130   0x00000000   Code   RO         4134  * .ARM.Collect$$$$00000000  mc_w.l(entry.o)
    0x08000130   0x00000004   Code   RO         4409    .ARM.Collect$$$$00000001  mc_w.l(entry2.o)
    0x08000134   0x00000004   Code   RO         4412    .ARM.Collect$$$$00000004  mc_w.l(entry5.o)
    0x08000138   0x00000000   Code   RO         4414    .ARM.Collect$$$$00000008  mc_w.l(entry7b.o)
    0x08000138   0x00000000   Code   RO         4416    .ARM.Collect$$$$0000000A  mc_w.l(entry8b.o)
    0x08000138   0x00000008   Code   RO         4417    .ARM.Collect$$$$0000000B  mc_w.l(entry9a.o)
    0x08000140   0x00000000   Code   RO         4419    .ARM.Collect$$$$0000000D  mc_w.l(entry10a.o)
    0x08000140   0x00000000   Code   RO         4421    .ARM.Collect$$$$0000000F  mc_w.l(entry11a.o)
    0x08000140   0x00000004   Code   RO         4410    .ARM.Collect$$$$00002712  mc_w.l(entry2.o)
    0x08000144   0x000000a2   Code   RO          972    .emb_text           port.o
    0x080001e6   0x00000002   PAD
    0x080001e8   0x00000024   Code   RO          533    .text               startup_stm32f103xe.o
    0x0800020c   0x00000024   Code   RO         4139    .text               mc_w.l(memcpya.o)
    0x08000230   0x00000024   Code   RO         4141    .text               mc_w.l(memseta.o)
    0x08000254   0x00000024   Code   RO         4439    .text               mc_w.l(init.o)
    0x08000278   0x00000002   Code   RO          318    i.BusFault_Handler  stm32f1xx_it.o
    0x0800027a   0x00000002   Code   RO          319    i.DebugMon_Handler  stm32f1xx_it.o
    0x0800027c   0x00000016   Code   RO         1902    i.HAL_Delay         stm32f1xx_hal.o
    0x08000292   0x00000002   PAD
    0x08000294   0x000001e8   Code   RO         2211    i.HAL_GPIO_Init     stm32f1xx_hal_gpio.o
    0x0800047c   0x00000008   Code   RO         2214    i.HAL_GPIO_TogglePin  stm32f1xx_hal_gpio.o
    0x08000484   0x0000000a   Code   RO         2215    i.HAL_GPIO_WritePin  stm32f1xx_hal_gpio.o
    0x0800048e   0x00000002   PAD
    0x08000490   0x0000000c   Code   RO         1906    i.HAL_GetTick       stm32f1xx_hal.o
    0x0800049c   0x00000010   Code   RO         1907    i.HAL_IncTick       stm32f1xx_hal.o
    0x080004ac   0x00000024   Code   RO         1908    i.HAL_Init          stm32f1xx_hal.o
    0x080004d0   0x00000074   Code   RO          219    i.HAL_InitTick      stm32f1xx_hal_timebase_tim.o
    0x08000544   0x00000080   Code   RO          471    i.HAL_MspInit       stm32f1xx_hal_msp.o
    0x080005c4   0x00000016   Code   RO         2737    i.HAL_NVIC_EnableIRQ  stm32f1xx_hal_cortex.o
    0x080005da   0x00000002   PAD
    0x080005dc   0x00000040   Code   RO         2743    i.HAL_NVIC_SetPriority  stm32f1xx_hal_cortex.o
    0x0800061c   0x00000024   Code   RO         2744    i.HAL_NVIC_SetPriorityGrouping  stm32f1xx_hal_cortex.o
    0x08000640   0x00000188   Code   RO         2107    i.HAL_RCC_ClockConfig  stm32f1xx_hal_rcc.o
    0x080007c8   0x00000040   Code   RO         2111    i.HAL_RCC_GetClockConfig  stm32f1xx_hal_rcc.o
    0x08000808   0x0000000c   Code   RO         2112    i.HAL_RCC_GetHCLKFreq  stm32f1xx_hal_rcc.o
    0x08000814   0x00000030   Code   RO         2114    i.HAL_RCC_GetPCLK1Freq  stm32f1xx_hal_rcc.o
    0x08000844   0x00000030   Code   RO         2115    i.HAL_RCC_GetPCLK2Freq  stm32f1xx_hal_rcc.o
    0x08000874   0x00000088   Code   RO         2116    i.HAL_RCC_GetSysClockFreq  stm32f1xx_hal_rcc.o
    0x080008fc   0x0000057e   Code   RO         2119    i.HAL_RCC_OscConfig  stm32f1xx_hal_rcc.o
    0x08000e7a   0x00000018   Code   RO         2746    i.HAL_SYSTICK_CLKSourceConfig  stm32f1xx_hal_cortex.o
    0x08000e92   0x00000028   Code   RO         2748    i.HAL_SYSTICK_Config  stm32f1xx_hal_cortex.o
    0x08000eba   0x00000002   Code   RO         2502    i.HAL_TIMEx_BreakCallback  stm32f1xx_hal_tim_ex.o
    0x08000ebc   0x00000002   Code   RO         2503    i.HAL_TIMEx_CommutationCallback  stm32f1xx_hal_tim_ex.o
    0x08000ebe   0x00000036   Code   RO         2939    i.HAL_TIM_Base_Init  stm32f1xx_hal_tim.o
    0x08000ef4   0x00000002   Code   RO         2941    i.HAL_TIM_Base_MspInit  stm32f1xx_hal_tim.o
    0x08000ef6   0x00000018   Code   RO         2944    i.HAL_TIM_Base_Start_IT  stm32f1xx_hal_tim.o
    0x08000f0e   0x00000002   Code   RO         2968    i.HAL_TIM_IC_CaptureCallback  stm32f1xx_hal_tim.o
    0x08000f10   0x00000166   Code   RO         2981    i.HAL_TIM_IRQHandler  stm32f1xx_hal_tim.o
    0x08001076   0x00000002   Code   RO         2984    i.HAL_TIM_OC_DelayElapsedCallback  stm32f1xx_hal_tim.o
    0x08001078   0x00000002   Code   RO         3011    i.HAL_TIM_PWM_PulseFinishedCallback  stm32f1xx_hal_tim.o
    0x0800107a   0x00000002   PAD
    0x0800107c   0x00000014   Code   RO          425    i.HAL_TIM_PeriodElapsedCallback  main.o
    0x08001090   0x00000002   Code   RO         3022    i.HAL_TIM_TriggerCallback  stm32f1xx_hal_tim.o
    0x08001092   0x0000005e   Code   RO         1674    i.HAL_UART_Init     stm32f1xx_hal_uart.o
    0x080010f0   0x00000058   Code   RO          268    i.HAL_UART_MspInit  usart.o
    0x08001148   0x000000cc   Code   RO         1682    i.HAL_UART_Transmit  stm32f1xx_hal_uart.o
    0x08001214   0x00000002   Code   RO          320    i.HardFault_Handler  stm32f1xx_it.o
    0x08001216   0x00000002   PAD
    0x08001218   0x00000080   Code   RO            4    i.MX_FREERTOS_Init  freertos.o
    0x08001298   0x00000064   Code   RO          401    i.MX_GPIO_Init      gpio.o
    0x080012fc   0x0000004c   Code   RO          269    i.MX_USART2_UART_Init  usart.o
    0x08001348   0x00000002   Code   RO          321    i.MemManage_Handler  stm32f1xx_it.o
    0x0800134a   0x00000002   Code   RO          322    i.NMI_Handler       stm32f1xx_it.o
    0x0800134c   0x00000020   Code   RO         2750    i.NVIC_SetPriority  stm32f1xx_hal_cortex.o
    0x0800136c   0x00000018   Code   RO            5    i.StartDefaultTask  freertos.o
    0x08001384   0x00000018   Code   RO            6    i.StartTask02       freertos.o
    0x0800139c   0x0000001c   Code   RO            7    i.StartTask03       freertos.o
    0x080013b8   0x0000001c   Code   RO            8    i.StartTask04       freertos.o
    0x080013d4   0x00000028   Code   RO            9    i.StartTask05       freertos.o
    0x080013fc   0x00000004   Code   RO          323    i.SysTick_Handler   stm32f1xx_it.o
    0x08001400   0x00000066   Code   RO          426    i.SystemClock_Config  main.o
    0x08001466   0x00000002   PAD
    0x08001468   0x00000048   Code   RO          496    i.SystemInit        system_stm32f1xx.o
    0x080014b0   0x0000000c   Code   RO          324    i.TIM6_IRQHandler   stm32f1xx_it.o
    0x080014bc   0x00000084   Code   RO         3023    i.TIM_Base_SetConfig  stm32f1xx_hal_tim.o
    0x08001540   0x00000170   Code   RO         1693    i.UART_SetConfig    stm32f1xx_hal_uart.o
    0x080016b0   0x00000092   Code   RO         1695    i.UART_WaitOnFlagUntilTimeout  stm32f1xx_hal_uart.o
    0x08001742   0x00000002   Code   RO          325    i.UsageFault_Handler  stm32f1xx_it.o
    0x08001744   0x00000002   Code   RO          427    i._Error_Handler    main.o
    0x08001746   0x00000002   PAD
    0x08001748   0x00000010   Code   RO         4148    i.__0printf$bare    mc_w.l(printfb.o)
    0x08001758   0x0000000e   Code   RO         4449    i.__scatterload_copy  mc_w.l(handlers.o)
    0x08001766   0x00000002   Code   RO         4450    i.__scatterload_null  mc_w.l(handlers.o)
    0x08001768   0x0000000e   Code   RO         4451    i.__scatterload_zeroinit  mc_w.l(handlers.o)
    0x08001776   0x00000022   Code   RO         4155    i._printf_core      mc_w.l(printfb.o)
    0x08001798   0x00000018   Code   RO          270    i.fputc             usart.o
    0x080017b0   0x00000038   Code   RO          428    i.main              main.o
    0x080017e8   0x0000000c   Code   RO          541    i.makeFreeRtosPriority  cmsis_os.o
    0x080017f4   0x0000000e   Code   RO          542    i.osDelay           cmsis_os.o
    0x08001802   0x0000000a   Code   RO          545    i.osKernelStart     cmsis_os.o
    0x0800180c   0x00000014   Code   RO          574    i.osSystickHandler  cmsis_os.o
    0x08001820   0x00000038   Code   RO          575    i.osThreadCreate    cmsis_os.o
    0x08001858   0x00000034   Code   RO         1299    i.prvAddCurrentTaskToDelayedList  tasks.o
    0x0800188c   0x00000080   Code   RO         3640    i.prvCheckDataToBeOverwrittenForMultiEntryEvents  trcsnapshotrecorder.o
    0x0800190c   0x00000054   Code   RO         1300    i.prvCheckTasksWaitingTermination  tasks.o
    0x08001960   0x0000004c   Code   RO         1076    i.prvHeapInit       heap_4.o
    0x080019ac   0x00000018   Code   RO         1301    i.prvIdleTask       tasks.o
    0x080019c4   0x0000004c   Code   RO         1077    i.prvInsertBlockIntoFreeList  heap_4.o
    0x08001a10   0x00000020   Code   RO         1303    i.prvResetNextTaskUnblockTime  tasks.o
    0x08001a30   0x00000018   Code   RO         3642    i.prvStrncpy        trcsnapshotrecorder.o
    0x08001a48   0x00000018   Code   RO          973    i.prvTaskExitError  port.o
    0x08001a60   0x00000034   Code   RO         3644    i.prvTraceError     trcsnapshotrecorder.o
    0x08001a94   0x00000004   Code   RO         4022    i.prvTraceGetCurrentTaskHandle  trckernelport.o
    0x08001a98   0x00000138   Code   RO         3647    i.prvTraceGetDTS    trcsnapshotrecorder.o
    0x08001bd0   0x000000c4   Code   RO         3648    i.prvTraceGetObjectHandle  trcsnapshotrecorder.o
    0x08001c94   0x00000084   Code   RO         3649    i.prvTraceGetObjectState  trcsnapshotrecorder.o
    0x08001d18   0x00000080   Code   RO         3650    i.prvTraceGetParam  trcsnapshotrecorder.o
    0x08001d98   0x0000000a   Code   RO         4025    i.prvTraceGetTaskNumber  trckernelport.o
    0x08001da2   0x00000002   PAD
    0x08001da4   0x000000a0   Code   RO         3652    i.prvTraceInitCortexM  trcsnapshotrecorder.o
    0x08001e44   0x00000128   Code   RO         3653    i.prvTraceInitTraceData  trcsnapshotrecorder.o
    0x08001f6c   0x00000054   Code   RO         3655    i.prvTraceNextFreeEventBufferSlot  trcsnapshotrecorder.o
    0x08001fc0   0x00000040   Code   RO         3657    i.prvTracePortGetTimeStamp  trcsnapshotrecorder.o
    0x08002000   0x000000f8   Code   RO         3658    i.prvTraceSetObjectName  trcsnapshotrecorder.o
    0x080020f8   0x00000084   Code   RO         3659    i.prvTraceSetObjectState  trcsnapshotrecorder.o
    0x0800217c   0x00000088   Code   RO         3660    i.prvTraceSetPriorityProperty  trcsnapshotrecorder.o
    0x08002204   0x00000038   Code   RO         3662    i.prvTraceSetTaskInstanceFinished  trcsnapshotrecorder.o
    0x0800223c   0x00000128   Code   RO         3663    i.prvTraceStoreKernelCall  trcsnapshotrecorder.o
    0x08002364   0x000000d0   Code   RO         3664    i.prvTraceStoreKernelCallWithNumericParamOnly  trcsnapshotrecorder.o
    0x08002434   0x000000fc   Code   RO         3669    i.prvTraceStoreTaskReady  trcsnapshotrecorder.o
    0x08002530   0x000000b8   Code   RO         3670    i.prvTraceStoreTaskswitch  trcsnapshotrecorder.o
    0x080025e8   0x00000030   Code   RO         3672    i.prvTraceUpdateCounters  trcsnapshotrecorder.o
    0x08002618   0x0000007c   Code   RO         4027    i.pszTraceGetErrorNotEnoughHandles  trckernelport.o
    0x08002694   0x000000c8   Code   RO         1078    i.pvPortMalloc      heap_4.o
    0x0800275c   0x00000020   Code   RO          974    i.pxPortInitialiseStack  port.o
    0x0800277c   0x000000c0   Code   RO         3674    i.uiIndexOfObject   trcsnapshotrecorder.o
    0x0800283c   0x000000d4   Code   RO         4028    i.uiTraceIsObjectExcluded  trckernelport.o
    0x08002910   0x00000088   Code   RO         3676    i.uiTraceStart      trcsnapshotrecorder.o
    0x08002998   0x00000024   Code   RO         1592    i.uxListRemove      list.o
    0x080029bc   0x00000008   Code   RO         1309    i.uxTaskGetTaskNumber  tasks.o
    0x080029c4   0x00000016   Code   RO         1593    i.vListInitialise   list.o
    0x080029da   0x00000006   Code   RO         1594    i.vListInitialiseItem  list.o
    0x080029e0   0x00000030   Code   RO         1595    i.vListInsert       list.o
    0x08002a10   0x00000018   Code   RO         1596    i.vListInsertEnd    list.o
    0x08002a28   0x00000038   Code   RO          976    i.vPortEnterCritical  port.o
    0x08002a60   0x00000024   Code   RO          977    i.vPortExitCritical  port.o
    0x08002a84   0x00000054   Code   RO         1079    i.vPortFree         heap_4.o
    0x08002ad8   0x00000020   Code   RO          978    i.vPortSetupTimerInterrupt  port.o
    0x08002af8   0x00000018   Code   RO          980    i.vPortYield        port.o
    0x08002b10   0x00000070   Code   RO         1313    i.vTaskDelay        tasks.o
    0x08002b80   0x00000054   Code   RO         1325    i.vTaskStartScheduler  tasks.o
    0x08002bd4   0x00000010   Code   RO         1327    i.vTaskSuspendAll   tasks.o
    0x08002be4   0x00000060   Code   RO         1328    i.vTaskSwitchContext  tasks.o
    0x08002c44   0x000000a0   Code   RO         3679    i.vTraceEnable      trcsnapshotrecorder.o
    0x08002ce4   0x00000050   Code   RO         4029    i.vTraceInitObjectHandleStack  trckernelport.o
    0x08002d34   0x00000070   Code   RO         4030    i.vTraceInitObjectPropertyTable  trckernelport.o
    0x08002da4   0x00000018   Code   RO         3688    i.vTraceStop        trcsnapshotrecorder.o
    0x08002dbc   0x000000b0   Code   RO         3691    i.vTraceStoreMemMangEvent  trcsnapshotrecorder.o
    0x08002e6c   0x00000074   Code   RO          981    i.xPortStartScheduler  port.o
    0x08002ee0   0x00000024   Code   RO          982    i.xPortSysTickHandler  port.o
    0x08002f04   0x000001e0   Code   RO         1330    i.xTaskGenericCreate  tasks.o
    0x080030e4   0x0000000c   Code   RO         1333    i.xTaskGetCurrentTaskHandle  tasks.o
    0x080030f0   0x0000001c   Code   RO         1334    i.xTaskGetSchedulerState  tasks.o
    0x0800310c   0x000000e8   Code   RO         1337    i.xTaskIncrementTick  tasks.o
    0x080031f4   0x000000b4   Code   RO         1343    i.xTaskResumeAll    tasks.o
    0x080032a8   0x00000064   Data   RO           10    .constdata          freertos.o
    0x0800330c   0x00000010   Data   RO          497    .constdata          system_stm32f1xx.o
    0x0800331c   0x00000008   Data   RO          498    .constdata          system_stm32f1xx.o
    0x08003324   0x0000003c   Data   RO           11    .conststring        freertos.o
    0x08003360   0x00000335   Data   RO         3700    .conststring        trcsnapshotrecorder.o
    0x08003695   0x00000003   PAD
    0x08003698   0x0000025e   Data   RO         4034    .conststring        trckernelport.o
    0x080038f6   0x00000002   PAD
    0x080038f8   0x00000020   Data   RO         4447    Region$$Table       anon$$obj.o


    Execution Region RW_IRAM1 (Base: 0x20000000, Size: 0x000046c0, Max: 0x00010000, ABSOLUTE)

    Base Addr    Size         Type   Attr      Idx    E Section Name        Object

    0x20000000   0x00000014   Data   RW           12    .data               freertos.o
    0x20000014   0x00000004   Data   RW          499    .data               system_stm32f1xx.o
    0x20000018   0x0000000c   Data   RW          983    .data               port.o
    0x20000024   0x00000018   Data   RW         1084    .data               heap_4.o
    0x2000003c   0x00000038   Data   RW         1346    .data               tasks.o
    0x20000074   0x00000004   Data   RW         1914    .data               stm32f1xx_hal.o
    0x20000078   0x00000054   Data   RW         3701    .data               trcsnapshotrecorder.o
    0x200000cc   0x00000004   Data   RW         3702    .data               trcsnapshotrecorder.o
    0x200000d0   0x00000004   Data   RW         4423    .data               mc_w.l(stdout.o)
    0x200000d4   0x0000003c   Zero   RW          222    .bss                stm32f1xx_hal_timebase_tim.o
    0x20000110   0x00000040   Zero   RW          271    .bss                usart.o
    0x20000150   0x00002800   Zero   RW         1083    .bss                heap_4.o
    0x20002950   0x000000f0   Zero   RW         1345    .bss                tasks.o
    0x20002a40   0x00001880   Zero   RW         3699    .bss                trcsnapshotrecorder.o
    0x200042c0   0x00000400   Zero   RW          530    STACK               startup_stm32f103xe.o


==============================================================================

Image component sizes


      Code (inc. data)   RO Data    RW Data    ZI Data      Debug   Object Name

       112          0          0          0          0       7708   cmsis_os.o
         0          0          0          0          0       1472   event_groups.o
       272         56        160         20          0     532722   freertos.o
       100          8          0          0          0        827   gpio.o
       436         26          0         24      10240       4103   heap_4.o
       136          0          0          0          0       3250   list.o
       180         24          0          0          0       2353   main.o
       518         68          0         12          0       7613   port.o
         0          0          0          0          0       2708   queue.o
        36          8        304          0       1024        748   startup_stm32f103xe.o
        86         16          0          4          0       2871   stm32f1xx_hal.o
       218         14          0          0          0      26177   stm32f1xx_hal_cortex.o
       506         42          0          0          0       3545   stm32f1xx_hal_gpio.o
       128         10          0          0          0        794   stm32f1xx_hal_msp.o
      2106        108          0          0          0       6261   stm32f1xx_hal_rcc.o
       578         20          0          0          0       6510   stm32f1xx_hal_tim.o
         4          0          0          0          0       1486   stm32f1xx_hal_tim_ex.o
       116         16          0          0         60       2604   stm32f1xx_hal_timebase_tim.o
       812          4          0          0          0       3888   stm32f1xx_hal_uart.o
        28          6          0          0          0       3181   stm32f1xx_it.o
        72         16         24          4          0       1079   system_stm32f1xx.o
      1440        100          0         56        240      14055   tasks.o
       542        222        606          0          0       3698   trckernelport.o
      3824       1392        821         88       6272      34032   trcsnapshotrecorder.o
       188         42          0          0         64       2018   usart.o

    ----------------------------------------------------------------------
     12456       2198       1952        208      17900     675703   Object Totals
         0          0         32          0          0          0   (incl. Generated)
        18          0          5          0          0          0   (incl. Padding)

    ----------------------------------------------------------------------

      Code (inc. data)   RO Data    RW Data    ZI Data      Debug   Library Member Name

         0          0          0          0          0          0   entry.o
         0          0          0          0          0          0   entry10a.o
         0          0          0          0          0          0   entry11a.o
         8          4          0          0          0          0   entry2.o
         4          0          0          0          0          0   entry5.o
         0          0          0          0          0          0   entry7b.o
         0          0          0          0          0          0   entry8b.o
         8          4          0          0          0          0   entry9a.o
        30          0          0          0          0          0   handlers.o
        36          8          0          0          0         68   init.o
        36          0          0          0          0         68   memcpya.o
        36          0          0          0          0        108   memseta.o
        50          8          0          0          0        152   printfb.o
         0          0          0          4          0          0   stdout.o

    ----------------------------------------------------------------------
       208         24          0          4          0        396   Library Totals
         0          0          0          0          0          0   (incl. Padding)

    ----------------------------------------------------------------------

      Code (inc. data)   RO Data    RW Data    ZI Data      Debug   Library Name

       208         24          0          4          0        396   mc_w.l

    ----------------------------------------------------------------------
       208         24          0          4          0        396   Library Totals

    ----------------------------------------------------------------------

==============================================================================


      Code (inc. data)   RO Data    RW Data    ZI Data      Debug   

     12664       2222       1952        212      17900     669699   Grand Totals
     12664       2222       1952        212      17900     669699   ELF Image Totals
     12664       2222       1952        212          0          0   ROM Totals

==============================================================================

    Total RO  Size (Code + RO Data)                14616 (  14.27kB)
    Total RW  Size (RW Data + ZI Data)             18112 (  17.69kB)
    Total ROM Size (Code + RO Data + RW Data)      14828 (  14.48kB)

==============================================================================

